
*** Running vivado
    with args -log walk.vds -m64 -product Vivado -mode batch -messageDb vivado.pb -notrace -source walk.tcl



****** Vivado v2024.1 (64-bit)
  **** SW Build 5076996 on Wed May 22 18:37:14 MDT 2024
  **** IP Build 5075265 on Wed May 22 21:45:21 MDT 2024
  **** SharedData Build 5076995 on Wed May 22 18:29:18 MDT 2024
  **** Start of session at: Fri Dec 13 13:14:47 2024
    ** Copyright 1986-2022 Xilinx, Inc. All Rights Reserved.
    ** Copyright 2022-2024 Advanced Micro Devices, Inc. All Rights Reserved.

source walk.tcl -notrace
create_project: Time (s): cpu = 00:00:03 ; elapsed = 00:00:07 . Memory (MB): peak = 528.547 ; gain = 200.777
Command: read_checkpoint -auto_incremental -incremental {D:/NYCU/113-1/DCD Lab/Final Project/lab10_for_student/Lab10/lab10/lab10.srcs/utils_1/imports/synth_1/lab10.dcp}
INFO: [Vivado 12-5825] Read reference checkpoint from D:/NYCU/113-1/DCD Lab/Final Project/lab10_for_student/Lab10/lab10/lab10.srcs/utils_1/imports/synth_1/lab10.dcp for incremental synthesis
INFO: [Vivado 12-7989] Please ensure there are no constraint changes
Command: synth_design -top walk -part xc7a35ticsg324-1L
Starting synth_design
Attempting to get a license for feature 'Synthesis' and/or device 'xc7a35ti'
INFO: [Common 17-349] Got license for feature 'Synthesis' and/or device 'xc7a35ti'
INFO: [Device 21-403] Loading part xc7a35ticsg324-1L
INFO: [Device 21-9227] Part: xc7a35ticsg324-1L does not have CEAM library.
INFO: [Designutils 20-5440] No compile time benefit to using incremental synthesis; A full resynthesis will be run
INFO: [Designutils 20-4379] Flow is switching to default flow due to incremental criteria not met. If you would like to alter this behaviour and have the flow terminate instead, please set the following parameter config_implementation {autoIncr.Synth.RejectBehavior Terminate}
INFO: [Synth 8-7079] Multithreading enabled for synth_design using a maximum of 2 processes.
INFO: [Synth 8-7078] Launching helper process for spawning children vivado processes
INFO: [Synth 8-7075] Helper process launched with PID 29552
---------------------------------------------------------------------------------
Starting RTL Elaboration : Time (s): cpu = 00:00:02 ; elapsed = 00:00:04 . Memory (MB): peak = 1382.969 ; gain = 448.109
---------------------------------------------------------------------------------
WARNING: [Synth 8-11121] redeclaration of ANSI port 'food1_x' is not allowed [D:/NYCU/113-1/DCD Lab/Final Project/lab10_for_student/Lab10/lab10/lab10.srcs/sources_1/new/score.v:165]
WARNING: [Synth 8-11121] redeclaration of ANSI port 'food2_x' is not allowed [D:/NYCU/113-1/DCD Lab/Final Project/lab10_for_student/Lab10/lab10/lab10.srcs/sources_1/new/score.v:165]
WARNING: [Synth 8-11121] redeclaration of ANSI port 'food3_x' is not allowed [D:/NYCU/113-1/DCD Lab/Final Project/lab10_for_student/Lab10/lab10/lab10.srcs/sources_1/new/score.v:165]
WARNING: [Synth 8-11121] redeclaration of ANSI port 'food1_y' is not allowed [D:/NYCU/113-1/DCD Lab/Final Project/lab10_for_student/Lab10/lab10/lab10.srcs/sources_1/new/score.v:166]
WARNING: [Synth 8-11121] redeclaration of ANSI port 'food2_y' is not allowed [D:/NYCU/113-1/DCD Lab/Final Project/lab10_for_student/Lab10/lab10/lab10.srcs/sources_1/new/score.v:166]
WARNING: [Synth 8-11121] redeclaration of ANSI port 'food3_y' is not allowed [D:/NYCU/113-1/DCD Lab/Final Project/lab10_for_student/Lab10/lab10/lab10.srcs/sources_1/new/score.v:166]
INFO: [Synth 8-11241] undeclared symbol 'data_in_0', assumed default net type 'wire' [D:/NYCU/113-1/DCD Lab/Final Project/lab10_for_student/Lab10/lab10/lab10.srcs/sources_1/lab10.v:47]
INFO: [Synth 8-11241] undeclared symbol 'data_in_1', assumed default net type 'wire' [D:/NYCU/113-1/DCD Lab/Final Project/lab10_for_student/Lab10/lab10/lab10.srcs/sources_1/lab10.v:51]
INFO: [Synth 8-6157] synthesizing module 'walk' [D:/NYCU/113-1/DCD Lab/Final Project/lab10_for_student/Lab10/lab10/lab10.srcs/sources_1/lab10.v:3]
INFO: [Synth 8-6157] synthesizing module 'sram' [D:/NYCU/113-1/DCD Lab/Final Project/lab10_for_student/Lab10/lab10/lab10.srcs/sources_1/sram.v:8]
	Parameter DATA_WIDTH bound to: 12 - type: integer 
	Parameter ADDR_WIDTH bound to: 18 - type: integer 
	Parameter RAM_SIZE bound to: 19200 - type: integer 
	Parameter FILE bound to: start_bg.mem - type: string 
INFO: [Synth 8-3876] $readmem data file 'start_bg.mem' is read successfully [D:/NYCU/113-1/DCD Lab/Final Project/lab10_for_student/Lab10/lab10/lab10.srcs/sources_1/sram.v:25]
INFO: [Synth 8-6155] done synthesizing module 'sram' (0#1) [D:/NYCU/113-1/DCD Lab/Final Project/lab10_for_student/Lab10/lab10/lab10.srcs/sources_1/sram.v:8]
WARNING: [Synth 8-689] width (17) of port connection 'addr' does not match port width (18) of module 'sram' [D:/NYCU/113-1/DCD Lab/Final Project/lab10_for_student/Lab10/lab10/lab10.srcs/sources_1/lab10.v:47]
WARNING: [Synth 8-689] width (1) of port connection 'data_i' does not match port width (12) of module 'sram' [D:/NYCU/113-1/DCD Lab/Final Project/lab10_for_student/Lab10/lab10/lab10.srcs/sources_1/lab10.v:47]
INFO: [Synth 8-6157] synthesizing module 'sram__parameterized0' [D:/NYCU/113-1/DCD Lab/Final Project/lab10_for_student/Lab10/lab10/lab10.srcs/sources_1/sram.v:8]
	Parameter DATA_WIDTH bound to: 12 - type: integer 
	Parameter ADDR_WIDTH bound to: 18 - type: integer 
	Parameter RAM_SIZE bound to: 19200 - type: integer 
	Parameter FILE bound to: game_bg1.mem - type: string 
INFO: [Synth 8-3876] $readmem data file 'game_bg1.mem' is read successfully [D:/NYCU/113-1/DCD Lab/Final Project/lab10_for_student/Lab10/lab10/lab10.srcs/sources_1/sram.v:25]
INFO: [Synth 8-6155] done synthesizing module 'sram__parameterized0' (0#1) [D:/NYCU/113-1/DCD Lab/Final Project/lab10_for_student/Lab10/lab10/lab10.srcs/sources_1/sram.v:8]
WARNING: [Synth 8-689] width (17) of port connection 'addr' does not match port width (18) of module 'sram__parameterized0' [D:/NYCU/113-1/DCD Lab/Final Project/lab10_for_student/Lab10/lab10/lab10.srcs/sources_1/lab10.v:51]
WARNING: [Synth 8-689] width (1) of port connection 'data_i' does not match port width (12) of module 'sram__parameterized0' [D:/NYCU/113-1/DCD Lab/Final Project/lab10_for_student/Lab10/lab10/lab10.srcs/sources_1/lab10.v:51]
INFO: [Synth 8-6157] synthesizing module 'sram__parameterized1' [D:/NYCU/113-1/DCD Lab/Final Project/lab10_for_student/Lab10/lab10/lab10.srcs/sources_1/sram.v:8]
	Parameter DATA_WIDTH bound to: 12 - type: integer 
	Parameter ADDR_WIDTH bound to: 18 - type: integer 
	Parameter RAM_SIZE bound to: 19200 - type: integer 
	Parameter FILE bound to: game_bg2.mem - type: string 
INFO: [Synth 8-3876] $readmem data file 'game_bg2.mem' is read successfully [D:/NYCU/113-1/DCD Lab/Final Project/lab10_for_student/Lab10/lab10/lab10.srcs/sources_1/sram.v:25]
INFO: [Synth 8-6155] done synthesizing module 'sram__parameterized1' (0#1) [D:/NYCU/113-1/DCD Lab/Final Project/lab10_for_student/Lab10/lab10/lab10.srcs/sources_1/sram.v:8]
WARNING: [Synth 8-689] width (17) of port connection 'addr' does not match port width (18) of module 'sram__parameterized1' [D:/NYCU/113-1/DCD Lab/Final Project/lab10_for_student/Lab10/lab10/lab10.srcs/sources_1/lab10.v:55]
WARNING: [Synth 8-689] width (1) of port connection 'data_i' does not match port width (12) of module 'sram__parameterized1' [D:/NYCU/113-1/DCD Lab/Final Project/lab10_for_student/Lab10/lab10/lab10.srcs/sources_1/lab10.v:55]
INFO: [Synth 8-6157] synthesizing module 'sram__parameterized2' [D:/NYCU/113-1/DCD Lab/Final Project/lab10_for_student/Lab10/lab10/lab10.srcs/sources_1/sram.v:8]
	Parameter DATA_WIDTH bound to: 12 - type: integer 
	Parameter ADDR_WIDTH bound to: 18 - type: integer 
	Parameter RAM_SIZE bound to: 19200 - type: integer 
	Parameter FILE bound to: game_bg3.mem - type: string 
INFO: [Synth 8-3876] $readmem data file 'game_bg3.mem' is read successfully [D:/NYCU/113-1/DCD Lab/Final Project/lab10_for_student/Lab10/lab10/lab10.srcs/sources_1/sram.v:25]
INFO: [Synth 8-6155] done synthesizing module 'sram__parameterized2' (0#1) [D:/NYCU/113-1/DCD Lab/Final Project/lab10_for_student/Lab10/lab10/lab10.srcs/sources_1/sram.v:8]
WARNING: [Synth 8-689] width (17) of port connection 'addr' does not match port width (18) of module 'sram__parameterized2' [D:/NYCU/113-1/DCD Lab/Final Project/lab10_for_student/Lab10/lab10/lab10.srcs/sources_1/lab10.v:59]
WARNING: [Synth 8-689] width (1) of port connection 'data_i' does not match port width (12) of module 'sram__parameterized2' [D:/NYCU/113-1/DCD Lab/Final Project/lab10_for_student/Lab10/lab10/lab10.srcs/sources_1/lab10.v:59]
INFO: [Synth 8-6157] synthesizing module 'sram__parameterized3' [D:/NYCU/113-1/DCD Lab/Final Project/lab10_for_student/Lab10/lab10/lab10.srcs/sources_1/sram.v:8]
	Parameter DATA_WIDTH bound to: 12 - type: integer 
	Parameter ADDR_WIDTH bound to: 18 - type: integer 
	Parameter RAM_SIZE bound to: 19200 - type: integer 
	Parameter FILE bound to: game_bg_win.mem - type: string 
INFO: [Synth 8-3876] $readmem data file 'game_bg_win.mem' is read successfully [D:/NYCU/113-1/DCD Lab/Final Project/lab10_for_student/Lab10/lab10/lab10.srcs/sources_1/sram.v:25]
INFO: [Synth 8-6155] done synthesizing module 'sram__parameterized3' (0#1) [D:/NYCU/113-1/DCD Lab/Final Project/lab10_for_student/Lab10/lab10/lab10.srcs/sources_1/sram.v:8]
WARNING: [Synth 8-689] width (17) of port connection 'addr' does not match port width (18) of module 'sram__parameterized3' [D:/NYCU/113-1/DCD Lab/Final Project/lab10_for_student/Lab10/lab10/lab10.srcs/sources_1/lab10.v:63]
WARNING: [Synth 8-689] width (1) of port connection 'data_i' does not match port width (12) of module 'sram__parameterized3' [D:/NYCU/113-1/DCD Lab/Final Project/lab10_for_student/Lab10/lab10/lab10.srcs/sources_1/lab10.v:63]
INFO: [Synth 8-6157] synthesizing module 'sram__parameterized4' [D:/NYCU/113-1/DCD Lab/Final Project/lab10_for_student/Lab10/lab10/lab10.srcs/sources_1/sram.v:8]
	Parameter DATA_WIDTH bound to: 12 - type: integer 
	Parameter ADDR_WIDTH bound to: 18 - type: integer 
	Parameter RAM_SIZE bound to: 19200 - type: integer 
	Parameter FILE bound to: game_bg_lose.mem - type: string 
INFO: [Synth 8-3876] $readmem data file 'game_bg_lose.mem' is read successfully [D:/NYCU/113-1/DCD Lab/Final Project/lab10_for_student/Lab10/lab10/lab10.srcs/sources_1/sram.v:25]
INFO: [Synth 8-6155] done synthesizing module 'sram__parameterized4' (0#1) [D:/NYCU/113-1/DCD Lab/Final Project/lab10_for_student/Lab10/lab10/lab10.srcs/sources_1/sram.v:8]
WARNING: [Synth 8-689] width (17) of port connection 'addr' does not match port width (18) of module 'sram__parameterized4' [D:/NYCU/113-1/DCD Lab/Final Project/lab10_for_student/Lab10/lab10/lab10.srcs/sources_1/lab10.v:67]
WARNING: [Synth 8-689] width (1) of port connection 'data_i' does not match port width (12) of module 'sram__parameterized4' [D:/NYCU/113-1/DCD Lab/Final Project/lab10_for_student/Lab10/lab10/lab10.srcs/sources_1/lab10.v:67]
INFO: [Synth 8-6157] synthesizing module 'debounce' [D:/NYCU/113-1/DCD Lab/Final Project/lab10_for_student/Lab10/lab10/lab10.srcs/sources_1/new/debounce.v:21]
INFO: [Synth 8-6155] done synthesizing module 'debounce' (0#1) [D:/NYCU/113-1/DCD Lab/Final Project/lab10_for_student/Lab10/lab10/lab10.srcs/sources_1/new/debounce.v:21]
INFO: [Synth 8-6157] synthesizing module 'final' [D:/NYCU/113-1/DCD Lab/Final Project/lab10_for_student/Lab10/lab10/lab10.srcs/sources_1/new/score.v:25]
INFO: [Synth 8-155] case statement is not full and has no default [D:/NYCU/113-1/DCD Lab/Final Project/lab10_for_student/Lab10/lab10/lab10.srcs/sources_1/new/score.v:93]
INFO: [Synth 8-155] case statement is not full and has no default [D:/NYCU/113-1/DCD Lab/Final Project/lab10_for_student/Lab10/lab10/lab10.srcs/sources_1/new/score.v:169]
INFO: [Synth 8-6155] done synthesizing module 'final' (0#1) [D:/NYCU/113-1/DCD Lab/Final Project/lab10_for_student/Lab10/lab10/lab10.srcs/sources_1/new/score.v:25]
INFO: [Synth 8-155] case statement is not full and has no default [D:/NYCU/113-1/DCD Lab/Final Project/lab10_for_student/Lab10/lab10/lab10.srcs/sources_1/lab10.v:203]
INFO: [Synth 8-155] case statement is not full and has no default [D:/NYCU/113-1/DCD Lab/Final Project/lab10_for_student/Lab10/lab10/lab10.srcs/sources_1/lab10.v:221]
INFO: [Synth 8-6157] synthesizing module 'vga_sync' [D:/NYCU/113-1/DCD Lab/Final Project/lab10_for_student/Lab10/lab10/lab10.srcs/sources_1/vga_sync.v:19]
INFO: [Synth 8-6155] done synthesizing module 'vga_sync' (0#1) [D:/NYCU/113-1/DCD Lab/Final Project/lab10_for_student/Lab10/lab10/lab10.srcs/sources_1/vga_sync.v:19]
INFO: [Synth 8-6157] synthesizing module 'clk_divider' [D:/NYCU/113-1/DCD Lab/Final Project/lab10_for_student/Lab10/lab10/lab10.srcs/sources_1/clk_divider.v:21]
	Parameter divider bound to: 2 - type: integer 
INFO: [Synth 8-6155] done synthesizing module 'clk_divider' (0#1) [D:/NYCU/113-1/DCD Lab/Final Project/lab10_for_student/Lab10/lab10/lab10.srcs/sources_1/clk_divider.v:21]
INFO: [Synth 8-6155] done synthesizing module 'walk' (0#1) [D:/NYCU/113-1/DCD Lab/Final Project/lab10_for_student/Lab10/lab10/lab10.srcs/sources_1/lab10.v:3]
WARNING: [Synth 8-6014] Unused sequential element bg_pixel_addr_1_reg was removed.  [D:/NYCU/113-1/DCD Lab/Final Project/lab10_for_student/Lab10/lab10/lab10.srcs/sources_1/lab10.v:81]
WARNING: [Synth 8-7129] Port btn[3] in module final is either unconnected or has no load
WARNING: [Synth 8-7129] Port btn[2] in module final is either unconnected or has no load
WARNING: [Synth 8-7129] Port btn[1] in module final is either unconnected or has no load
WARNING: [Synth 8-7129] Port addr[17] in module sram__parameterized4 is either unconnected or has no load
WARNING: [Synth 8-7129] Port addr[16] in module sram__parameterized4 is either unconnected or has no load
WARNING: [Synth 8-7129] Port addr[15] in module sram__parameterized4 is either unconnected or has no load
WARNING: [Synth 8-7129] Port addr[17] in module sram__parameterized3 is either unconnected or has no load
WARNING: [Synth 8-7129] Port addr[16] in module sram__parameterized3 is either unconnected or has no load
WARNING: [Synth 8-7129] Port addr[15] in module sram__parameterized3 is either unconnected or has no load
WARNING: [Synth 8-7129] Port addr[17] in module sram__parameterized2 is either unconnected or has no load
WARNING: [Synth 8-7129] Port addr[16] in module sram__parameterized2 is either unconnected or has no load
WARNING: [Synth 8-7129] Port addr[15] in module sram__parameterized2 is either unconnected or has no load
WARNING: [Synth 8-7129] Port addr[17] in module sram__parameterized1 is either unconnected or has no load
WARNING: [Synth 8-7129] Port addr[16] in module sram__parameterized1 is either unconnected or has no load
WARNING: [Synth 8-7129] Port addr[15] in module sram__parameterized1 is either unconnected or has no load
WARNING: [Synth 8-7129] Port addr[17] in module sram__parameterized0 is either unconnected or has no load
WARNING: [Synth 8-7129] Port addr[16] in module sram__parameterized0 is either unconnected or has no load
WARNING: [Synth 8-7129] Port addr[15] in module sram__parameterized0 is either unconnected or has no load
WARNING: [Synth 8-7129] Port addr[17] in module sram is either unconnected or has no load
WARNING: [Synth 8-7129] Port addr[16] in module sram is either unconnected or has no load
WARNING: [Synth 8-7129] Port addr[15] in module sram is either unconnected or has no load
WARNING: [Synth 8-7129] Port usr_led[3] in module walk is either unconnected or has no load
---------------------------------------------------------------------------------
Finished RTL Elaboration : Time (s): cpu = 00:00:03 ; elapsed = 00:00:06 . Memory (MB): peak = 1564.199 ; gain = 629.340
---------------------------------------------------------------------------------
---------------------------------------------------------------------------------
Start Handling Custom Attributes
---------------------------------------------------------------------------------
---------------------------------------------------------------------------------
Finished Handling Custom Attributes : Time (s): cpu = 00:00:03 ; elapsed = 00:00:06 . Memory (MB): peak = 1564.199 ; gain = 629.340
---------------------------------------------------------------------------------
---------------------------------------------------------------------------------
Finished RTL Optimization Phase 1 : Time (s): cpu = 00:00:03 ; elapsed = 00:00:06 . Memory (MB): peak = 1564.199 ; gain = 629.340
---------------------------------------------------------------------------------
Netlist sorting complete. Time (s): cpu = 00:00:00 ; elapsed = 00:00:00.009 . Memory (MB): peak = 1564.199 ; gain = 0.000
INFO: [Project 1-570] Preparing netlist for logic optimization

Processing XDC Constraints
Initializing timing engine
Parsing XDC File [D:/NYCU/113-1/DCD Lab/Final Project/lab10_for_student/Lab10/lab10/lab10.srcs/constrs_1/lab10.xdc]
Finished Parsing XDC File [D:/NYCU/113-1/DCD Lab/Final Project/lab10_for_student/Lab10/lab10/lab10.srcs/constrs_1/lab10.xdc]
INFO: [Project 1-236] Implementation specific constraints were found while reading constraint file [D:/NYCU/113-1/DCD Lab/Final Project/lab10_for_student/Lab10/lab10/lab10.srcs/constrs_1/lab10.xdc]. These constraints will be ignored for synthesis but will be used in implementation. Impacted constraints are listed in the file [.Xil/walk_propImpl.xdc].
Resolution: To avoid this warning, move constraints listed in [.Xil/walk_propImpl.xdc] to another XDC file and exclude this new file from synthesis with the used_in_synthesis property (File Properties dialog in GUI) and re-run elaboration/synthesis.
Completed Processing XDC Constraints

Netlist sorting complete. Time (s): cpu = 00:00:00 ; elapsed = 00:00:00 . Memory (MB): peak = 1658.309 ; gain = 0.000
INFO: [Project 1-111] Unisim Transformation Summary:
No Unisim elements were transformed.

Constraint Validation Runtime : Time (s): cpu = 00:00:00 ; elapsed = 00:00:00.003 . Memory (MB): peak = 1658.309 ; gain = 0.000
INFO: [Designutils 20-5440] No compile time benefit to using incremental synthesis; A full resynthesis will be run
INFO: [Designutils 20-4379] Flow is switching to default flow due to incremental criteria not met. If you would like to alter this behaviour and have the flow terminate instead, please set the following parameter config_implementation {autoIncr.Synth.RejectBehavior Terminate}
---------------------------------------------------------------------------------
Finished Constraint Validation : Time (s): cpu = 00:00:05 ; elapsed = 00:00:12 . Memory (MB): peak = 1658.309 ; gain = 723.449
---------------------------------------------------------------------------------
---------------------------------------------------------------------------------
Start Loading Part and Timing Information
---------------------------------------------------------------------------------
Loading part: xc7a35ticsg324-1L
---------------------------------------------------------------------------------
Finished Loading Part and Timing Information : Time (s): cpu = 00:00:05 ; elapsed = 00:00:12 . Memory (MB): peak = 1658.309 ; gain = 723.449
---------------------------------------------------------------------------------
---------------------------------------------------------------------------------
Start Applying 'set_property' XDC Constraints
---------------------------------------------------------------------------------
---------------------------------------------------------------------------------
Finished applying 'set_property' XDC Constraints : Time (s): cpu = 00:00:05 ; elapsed = 00:00:12 . Memory (MB): peak = 1658.309 ; gain = 723.449
---------------------------------------------------------------------------------
INFO: [Synth 8-802] inferred FSM for state register 'P_reg' in module 'final'
---------------------------------------------------------------------------------------------------
                   State |                     New Encoding |                Previous Encoding 
---------------------------------------------------------------------------------------------------
                    idle |                              111 |                              000
                   game1 |                              110 |                              001
                   wait1 |                              101 |                              010
                   game2 |                              100 |                              011
                   wait2 |                              011 |                              100
                   game3 |                              010 |                              101
                    pass |                              001 |                              110
               game_over |                              000 |                              111
---------------------------------------------------------------------------------------------------
INFO: [Synth 8-3354] encoded FSM with state register 'P_reg' using encoding 'sequential' in module 'final'
WARNING: [Synth 8-327] inferring latch for variable 'food2_x_reg' [D:/NYCU/113-1/DCD Lab/Final Project/lab10_for_student/Lab10/lab10/lab10.srcs/sources_1/new/score.v:172]
WARNING: [Synth 8-327] inferring latch for variable 'food2_y_reg' [D:/NYCU/113-1/DCD Lab/Final Project/lab10_for_student/Lab10/lab10/lab10.srcs/sources_1/new/score.v:172]
WARNING: [Synth 8-327] inferring latch for variable 'food1_x_reg' [D:/NYCU/113-1/DCD Lab/Final Project/lab10_for_student/Lab10/lab10/lab10.srcs/sources_1/new/score.v:171]
WARNING: [Synth 8-327] inferring latch for variable 'food1_y_reg' [D:/NYCU/113-1/DCD Lab/Final Project/lab10_for_student/Lab10/lab10/lab10.srcs/sources_1/new/score.v:171]
WARNING: [Synth 8-327] inferring latch for variable 'food3_y_reg' [D:/NYCU/113-1/DCD Lab/Final Project/lab10_for_student/Lab10/lab10/lab10.srcs/sources_1/new/score.v:173]
WARNING: [Synth 8-327] inferring latch for variable 'food3_x_reg' [D:/NYCU/113-1/DCD Lab/Final Project/lab10_for_student/Lab10/lab10/lab10.srcs/sources_1/new/score.v:173]
WARNING: [Synth 8-327] inferring latch for variable 'obstacle_x_reg[1]' [D:/NYCU/113-1/DCD Lab/Final Project/lab10_for_student/Lab10/lab10/lab10.srcs/sources_1/new/score.v:95]
WARNING: [Synth 8-327] inferring latch for variable 'obstacle_y_reg[1]' [D:/NYCU/113-1/DCD Lab/Final Project/lab10_for_student/Lab10/lab10/lab10.srcs/sources_1/new/score.v:95]
WARNING: [Synth 8-327] inferring latch for variable 'obstacle_x_reg[2]' [D:/NYCU/113-1/DCD Lab/Final Project/lab10_for_student/Lab10/lab10/lab10.srcs/sources_1/new/score.v:95]
WARNING: [Synth 8-327] inferring latch for variable 'obstacle_y_reg[2]' [D:/NYCU/113-1/DCD Lab/Final Project/lab10_for_student/Lab10/lab10/lab10.srcs/sources_1/new/score.v:95]
WARNING: [Synth 8-327] inferring latch for variable 'obstacle_x_reg[3]' [D:/NYCU/113-1/DCD Lab/Final Project/lab10_for_student/Lab10/lab10/lab10.srcs/sources_1/new/score.v:95]
WARNING: [Synth 8-327] inferring latch for variable 'obstacle_y_reg[3]' [D:/NYCU/113-1/DCD Lab/Final Project/lab10_for_student/Lab10/lab10/lab10.srcs/sources_1/new/score.v:95]
WARNING: [Synth 8-327] inferring latch for variable 'obstacle_x_reg[4]' [D:/NYCU/113-1/DCD Lab/Final Project/lab10_for_student/Lab10/lab10/lab10.srcs/sources_1/new/score.v:95]
WARNING: [Synth 8-327] inferring latch for variable 'obstacle_y_reg[4]' [D:/NYCU/113-1/DCD Lab/Final Project/lab10_for_student/Lab10/lab10/lab10.srcs/sources_1/new/score.v:95]
WARNING: [Synth 8-327] inferring latch for variable 'obstacle_x_reg[5]' [D:/NYCU/113-1/DCD Lab/Final Project/lab10_for_student/Lab10/lab10/lab10.srcs/sources_1/new/score.v:95]
WARNING: [Synth 8-327] inferring latch for variable 'obstacle_y_reg[5]' [D:/NYCU/113-1/DCD Lab/Final Project/lab10_for_student/Lab10/lab10/lab10.srcs/sources_1/new/score.v:95]
WARNING: [Synth 8-327] inferring latch for variable 'obstacle_x_reg[6]' [D:/NYCU/113-1/DCD Lab/Final Project/lab10_for_student/Lab10/lab10/lab10.srcs/sources_1/new/score.v:95]
WARNING: [Synth 8-327] inferring latch for variable 'obstacle_y_reg[6]' [D:/NYCU/113-1/DCD Lab/Final Project/lab10_for_student/Lab10/lab10/lab10.srcs/sources_1/new/score.v:95]
WARNING: [Synth 8-327] inferring latch for variable 'obstacle_x_reg[7]' [D:/NYCU/113-1/DCD Lab/Final Project/lab10_for_student/Lab10/lab10/lab10.srcs/sources_1/new/score.v:95]
WARNING: [Synth 8-327] inferring latch for variable 'obstacle_y_reg[7]' [D:/NYCU/113-1/DCD Lab/Final Project/lab10_for_student/Lab10/lab10/lab10.srcs/sources_1/new/score.v:95]
WARNING: [Synth 8-327] inferring latch for variable 'obstacle_x_reg[8]' [D:/NYCU/113-1/DCD Lab/Final Project/lab10_for_student/Lab10/lab10/lab10.srcs/sources_1/new/score.v:95]
WARNING: [Synth 8-327] inferring latch for variable 'obstacle_y_reg[8]' [D:/NYCU/113-1/DCD Lab/Final Project/lab10_for_student/Lab10/lab10/lab10.srcs/sources_1/new/score.v:95]
WARNING: [Synth 8-327] inferring latch for variable 'obstacle_x_reg[9]' [D:/NYCU/113-1/DCD Lab/Final Project/lab10_for_student/Lab10/lab10/lab10.srcs/sources_1/new/score.v:95]
WARNING: [Synth 8-327] inferring latch for variable 'obstacle_y_reg[9]' [D:/NYCU/113-1/DCD Lab/Final Project/lab10_for_student/Lab10/lab10/lab10.srcs/sources_1/new/score.v:95]
WARNING: [Synth 8-327] inferring latch for variable 'obstacle_x_reg[0]' [D:/NYCU/113-1/DCD Lab/Final Project/lab10_for_student/Lab10/lab10/lab10.srcs/sources_1/new/score.v:95]
WARNING: [Synth 8-327] inferring latch for variable 'obstacle_y_reg[0]' [D:/NYCU/113-1/DCD Lab/Final Project/lab10_for_student/Lab10/lab10/lab10.srcs/sources_1/new/score.v:95]
WARNING: [Synth 8-327] inferring latch for variable 'P_next_reg' [D:/NYCU/113-1/DCD Lab/Final Project/lab10_for_student/Lab10/lab10/lab10.srcs/sources_1/lab10.v:205]
---------------------------------------------------------------------------------
Finished RTL Optimization Phase 2 : Time (s): cpu = 00:00:05 ; elapsed = 00:00:12 . Memory (MB): peak = 1658.309 ; gain = 723.449
---------------------------------------------------------------------------------
---------------------------------------------------------------------------------
Start RTL Component Statistics 
---------------------------------------------------------------------------------
Detailed RTL Component Info : 
+---Adders : 
	   2 Input   10 Bit       Adders := 2     
	   2 Input    9 Bit       Adders := 23    
	   2 Input    8 Bit       Adders := 5     
+---Registers : 
	               16 Bit    Registers := 1     
	               12 Bit    Registers := 7     
	               10 Bit    Registers := 2     
	                9 Bit    Registers := 1     
	                8 Bit    Registers := 19    
	                4 Bit    Registers := 1     
	                3 Bit    Registers := 1     
	                2 Bit    Registers := 1     
	                1 Bit    Registers := 12    
+---RAMs : 
	             225K Bit	(19200 X 12 bit)          RAMs := 6     
+---Muxes : 
	   2 Input   12 Bit        Muxes := 11    
	   3 Input   12 Bit        Muxes := 1     
	   2 Input    8 Bit        Muxes := 2     
	   2 Input    5 Bit        Muxes := 10    
	   5 Input    5 Bit        Muxes := 25    
	   2 Input    3 Bit        Muxes := 10    
	   3 Input    3 Bit        Muxes := 2     
	   8 Input    3 Bit        Muxes := 3     
	   2 Input    2 Bit        Muxes := 2     
	   4 Input    2 Bit        Muxes := 4     
	   2 Input    1 Bit        Muxes := 13    
	   5 Input    1 Bit        Muxes := 2     
	   3 Input    1 Bit        Muxes := 4     
---------------------------------------------------------------------------------
Finished RTL Component Statistics 
---------------------------------------------------------------------------------
---------------------------------------------------------------------------------
Start Part Resource Summary
---------------------------------------------------------------------------------
Part Resources:
DSPs: 90 (col length:60)
BRAMs: 100 (col length: RAMB18 60 RAMB36 30)
---------------------------------------------------------------------------------
Finished Part Resource Summary
---------------------------------------------------------------------------------
---------------------------------------------------------------------------------
Start Cross Boundary and Area Optimization
---------------------------------------------------------------------------------
WARNING: [Synth 8-7080] Parallel synthesis criteria is not met
WARNING: [Synth 8-7129] Port btn[3] in module final is either unconnected or has no load
WARNING: [Synth 8-7129] Port btn[2] in module final is either unconnected or has no load
WARNING: [Synth 8-7129] Port btn[1] in module final is either unconnected or has no load
WARNING: [Synth 8-7129] Port usr_led[3] in module walk is either unconnected or has no load
WARNING: [Synth 8-3332] Sequential element (score_cal/obstacle_x_reg[5][1]) is unused and will be removed from module walk.
WARNING: [Synth 8-3332] Sequential element (score_cal/food3_x_reg[1]) is unused and will be removed from module walk.
WARNING: [Synth 8-3332] Sequential element (P_next_reg[2]) is unused and will be removed from module walk.
WARNING: [Synth 8-3332] Sequential element (P_next_reg[0]) is unused and will be removed from module walk.
---------------------------------------------------------------------------------
Finished Cross Boundary and Area Optimization : Time (s): cpu = 00:00:08 ; elapsed = 00:00:20 . Memory (MB): peak = 1658.309 ; gain = 723.449
---------------------------------------------------------------------------------
WARNING: [Synth 8-5835] Resources of type BRAM have been overutilized. Used = 142, Available = 100. Will try to implement using LUT-RAM. 
WARNING: [Synth 8-6849] Infeasible attribute ram_style = "block" set for RAM "walk/ram3/RAM_reg",trying to implement using LUTRAM
WARNING: [Synth 8-6849] Infeasible attribute ram_style = "block" set for RAM "walk/ram0/RAM_reg",trying to implement using LUTRAM
---------------------------------------------------------------------------------
Start ROM, RAM, DSP, Shift Register and Retiming Reporting
---------------------------------------------------------------------------------

Block RAM: Preliminary Mapping Report (see note below)
+------------+--------------+------------------------+---+---+------------------------+---+---+------------------+--------+--------+
|Module Name | RTL Object   | PORT A (Depth x Width) | W | R | PORT B (Depth x Width) | W | R | Ports driving FF | RAMB18 | RAMB36 | 
+------------+--------------+------------------------+---+---+------------------------+---+---+------------------+--------+--------+
|walk        | ram2/RAM_reg | 18 K x 12(WRITE_FIRST) | W | R |                        |   |   | Port A           | 0      | 12     | 
|walk        | ram1/RAM_reg | 18 K x 12(WRITE_FIRST) | W | R |                        |   |   | Port A           | 0      | 12     | 
|walk        | ram5/RAM_reg | 18 K x 12(WRITE_FIRST) | W | R |                        |   |   | Port A           | 0      | 12     | 
|walk        | ram4/RAM_reg | 18 K x 12(WRITE_FIRST) | W | R |                        |   |   | Port A           | 0      | 12     | 
+------------+--------------+------------------------+---+---+------------------------+---+---+------------------+--------+--------+

Note: The table above is a preliminary report that shows the Block RAMs at the current stage of the synthesis flow. Some Block RAMs may be reimplemented as non Block RAM primitives later in the synthesis flow. Multiple instantiated Block RAMs are reported only once. 

Distributed RAM: Preliminary Mapping Report (see note below)
+------------+--------------+-----------+----------------------+------------------+
|Module Name | RTL Object   | Inference | Size (Depth x Width) | Primitives       | 
+------------+--------------+-----------+----------------------+------------------+
|walk        | ram3/RAM_reg | Implied   | 32 K x 12            | RAM256X1S x 900  | 
|walk        | ram0/RAM_reg | Implied   | 32 K x 12            | RAM256X1S x 900  | 
+------------+--------------+-----------+----------------------+------------------+

Note: The table above is a preliminary report that shows the Distributed RAMs at the current stage of the synthesis flow. Some Distributed RAMs may be reimplemented as non Distributed RAM primitives later in the synthesis flow. Multiple instantiated RAMs are reported only once.
---------------------------------------------------------------------------------
Finished ROM, RAM, DSP, Shift Register and Retiming Reporting
---------------------------------------------------------------------------------
---------------------------------------------------------------------------------
Start Applying XDC Timing Constraints
---------------------------------------------------------------------------------
---------------------------------------------------------------------------------
Finished Applying XDC Timing Constraints : Time (s): cpu = 00:00:10 ; elapsed = 00:00:25 . Memory (MB): peak = 1658.309 ; gain = 723.449
---------------------------------------------------------------------------------
---------------------------------------------------------------------------------
Start Timing Optimization
---------------------------------------------------------------------------------
---------------------------------------------------------------------------------
Finished Timing Optimization : Time (s): cpu = 00:00:18 ; elapsed = 00:00:45 . Memory (MB): peak = 1976.324 ; gain = 1041.465
---------------------------------------------------------------------------------
---------------------------------------------------------------------------------
Start ROM, RAM, DSP, Shift Register and Retiming Reporting
---------------------------------------------------------------------------------

Block RAM: Final Mapping Report
+------------+--------------+------------------------+---+---+------------------------+---+---+------------------+--------+--------+
|Module Name | RTL Object   | PORT A (Depth x Width) | W | R | PORT B (Depth x Width) | W | R | Ports driving FF | RAMB18 | RAMB36 | 
+------------+--------------+------------------------+---+---+------------------------+---+---+------------------+--------+--------+
|walk        | ram2/RAM_reg | 18 K x 12(WRITE_FIRST) | W | R |                        |   |   | Port A           | 0      | 12     | 
|walk        | ram1/RAM_reg | 18 K x 12(WRITE_FIRST) | W | R |                        |   |   | Port A           | 0      | 12     | 
|walk        | ram5/RAM_reg | 18 K x 12(WRITE_FIRST) | W | R |                        |   |   | Port A           | 0      | 12     | 
|walk        | ram4/RAM_reg | 18 K x 12(WRITE_FIRST) | W | R |                        |   |   | Port A           | 0      | 12     | 
+------------+--------------+------------------------+---+---+------------------------+---+---+------------------+--------+--------+


Distributed RAM: Final Mapping Report
+------------+--------------+-----------+----------------------+------------------+
|Module Name | RTL Object   | Inference | Size (Depth x Width) | Primitives       | 
+------------+--------------+-----------+----------------------+------------------+
|walk        | ram3/RAM_reg | Implied   | 32 K x 12            | RAM256X1S x 900  | 
|walk        | ram0/RAM_reg | Implied   | 32 K x 12            | RAM256X1S x 900  | 
+------------+--------------+-----------+----------------------+------------------+

---------------------------------------------------------------------------------
Finished ROM, RAM, DSP, Shift Register and Retiming Reporting
---------------------------------------------------------------------------------
---------------------------------------------------------------------------------
Start Technology Mapping
---------------------------------------------------------------------------------
INFO: [Synth 8-7052] The timing for the instance ram2/RAM_reg_0_0 (implemented as a Block RAM) might be sub-optimal as no optional output register could be merged into the ram block. Providing additional output register may help in improving timing.
INFO: [Synth 8-7052] The timing for the instance ram2/RAM_reg_0_1 (implemented as a Block RAM) might be sub-optimal as no optional output register could be merged into the ram block. Providing additional output register may help in improving timing.
INFO: [Synth 8-7052] The timing for the instance ram2/RAM_reg_0_2 (implemented as a Block RAM) might be sub-optimal as no optional output register could be merged into the ram block. Providing additional output register may help in improving timing.
INFO: [Synth 8-7052] The timing for the instance ram2/RAM_reg_0_3 (implemented as a Block RAM) might be sub-optimal as no optional output register could be merged into the ram block. Providing additional output register may help in improving timing.
INFO: [Synth 8-7052] The timing for the instance ram2/RAM_reg_0_4 (implemented as a Block RAM) might be sub-optimal as no optional output register could be merged into the ram block. Providing additional output register may help in improving timing.
INFO: [Synth 8-7052] The timing for the instance ram2/RAM_reg_0_5 (implemented as a Block RAM) might be sub-optimal as no optional output register could be merged into the ram block. Providing additional output register may help in improving timing.
INFO: [Synth 8-7052] The timing for the instance ram2/RAM_reg_0_6 (implemented as a Block RAM) might be sub-optimal as no optional output register could be merged into the ram block. Providing additional output register may help in improving timing.
INFO: [Synth 8-7052] The timing for the instance ram2/RAM_reg_0_7 (implemented as a Block RAM) might be sub-optimal as no optional output register could be merged into the ram block. Providing additional output register may help in improving timing.
INFO: [Synth 8-7052] The timing for the instance ram2/RAM_reg_0_8 (implemented as a Block RAM) might be sub-optimal as no optional output register could be merged into the ram block. Providing additional output register may help in improving timing.
INFO: [Synth 8-7052] The timing for the instance ram2/RAM_reg_0_9 (implemented as a Block RAM) might be sub-optimal as no optional output register could be merged into the ram block. Providing additional output register may help in improving timing.
INFO: [Synth 8-7052] The timing for the instance ram2/RAM_reg_0_10 (implemented as a Block RAM) might be sub-optimal as no optional output register could be merged into the ram block. Providing additional output register may help in improving timing.
INFO: [Synth 8-7052] The timing for the instance ram2/RAM_reg_0_11 (implemented as a Block RAM) might be sub-optimal as no optional output register could be merged into the ram block. Providing additional output register may help in improving timing.
INFO: [Synth 8-7052] The timing for the instance ram1/RAM_reg_0_0 (implemented as a Block RAM) might be sub-optimal as no optional output register could be merged into the ram block. Providing additional output register may help in improving timing.
INFO: [Synth 8-7052] The timing for the instance ram1/RAM_reg_0_1 (implemented as a Block RAM) might be sub-optimal as no optional output register could be merged into the ram block. Providing additional output register may help in improving timing.
INFO: [Synth 8-7052] The timing for the instance ram1/RAM_reg_0_2 (implemented as a Block RAM) might be sub-optimal as no optional output register could be merged into the ram block. Providing additional output register may help in improving timing.
INFO: [Synth 8-7052] The timing for the instance ram1/RAM_reg_0_3 (implemented as a Block RAM) might be sub-optimal as no optional output register could be merged into the ram block. Providing additional output register may help in improving timing.
INFO: [Synth 8-7052] The timing for the instance ram1/RAM_reg_0_4 (implemented as a Block RAM) might be sub-optimal as no optional output register could be merged into the ram block. Providing additional output register may help in improving timing.
INFO: [Synth 8-7052] The timing for the instance ram1/RAM_reg_0_5 (implemented as a Block RAM) might be sub-optimal as no optional output register could be merged into the ram block. Providing additional output register may help in improving timing.
INFO: [Synth 8-7052] The timing for the instance ram1/RAM_reg_0_6 (implemented as a Block RAM) might be sub-optimal as no optional output register could be merged into the ram block. Providing additional output register may help in improving timing.
INFO: [Synth 8-7052] The timing for the instance ram1/RAM_reg_0_7 (implemented as a Block RAM) might be sub-optimal as no optional output register could be merged into the ram block. Providing additional output register may help in improving timing.
INFO: [Synth 8-7052] The timing for the instance ram1/RAM_reg_0_8 (implemented as a Block RAM) might be sub-optimal as no optional output register could be merged into the ram block. Providing additional output register may help in improving timing.
INFO: [Synth 8-7052] The timing for the instance ram1/RAM_reg_0_9 (implemented as a Block RAM) might be sub-optimal as no optional output register could be merged into the ram block. Providing additional output register may help in improving timing.
INFO: [Synth 8-7052] The timing for the instance ram1/RAM_reg_0_10 (implemented as a Block RAM) might be sub-optimal as no optional output register could be merged into the ram block. Providing additional output register may help in improving timing.
INFO: [Synth 8-7052] The timing for the instance ram1/RAM_reg_0_11 (implemented as a Block RAM) might be sub-optimal as no optional output register could be merged into the ram block. Providing additional output register may help in improving timing.
INFO: [Synth 8-7052] The timing for the instance ram5/RAM_reg_0_0 (implemented as a Block RAM) might be sub-optimal as no optional output register could be merged into the ram block. Providing additional output register may help in improving timing.
INFO: [Synth 8-7052] The timing for the instance ram5/RAM_reg_0_1 (implemented as a Block RAM) might be sub-optimal as no optional output register could be merged into the ram block. Providing additional output register may help in improving timing.
INFO: [Synth 8-7052] The timing for the instance ram5/RAM_reg_0_2 (implemented as a Block RAM) might be sub-optimal as no optional output register could be merged into the ram block. Providing additional output register may help in improving timing.
INFO: [Synth 8-7052] The timing for the instance ram5/RAM_reg_0_3 (implemented as a Block RAM) might be sub-optimal as no optional output register could be merged into the ram block. Providing additional output register may help in improving timing.
INFO: [Synth 8-7052] The timing for the instance ram5/RAM_reg_0_4 (implemented as a Block RAM) might be sub-optimal as no optional output register could be merged into the ram block. Providing additional output register may help in improving timing.
INFO: [Synth 8-7052] The timing for the instance ram5/RAM_reg_0_5 (implemented as a Block RAM) might be sub-optimal as no optional output register could be merged into the ram block. Providing additional output register may help in improving timing.
INFO: [Synth 8-7052] The timing for the instance ram5/RAM_reg_0_6 (implemented as a Block RAM) might be sub-optimal as no optional output register could be merged into the ram block. Providing additional output register may help in improving timing.
INFO: [Synth 8-7052] The timing for the instance ram5/RAM_reg_0_7 (implemented as a Block RAM) might be sub-optimal as no optional output register could be merged into the ram block. Providing additional output register may help in improving timing.
INFO: [Synth 8-7052] The timing for the instance ram5/RAM_reg_0_8 (implemented as a Block RAM) might be sub-optimal as no optional output register could be merged into the ram block. Providing additional output register may help in improving timing.
INFO: [Synth 8-7052] The timing for the instance ram5/RAM_reg_0_9 (implemented as a Block RAM) might be sub-optimal as no optional output register could be merged into the ram block. Providing additional output register may help in improving timing.
INFO: [Synth 8-7052] The timing for the instance ram5/RAM_reg_0_10 (implemented as a Block RAM) might be sub-optimal as no optional output register could be merged into the ram block. Providing additional output register may help in improving timing.
INFO: [Synth 8-7052] The timing for the instance ram5/RAM_reg_0_11 (implemented as a Block RAM) might be sub-optimal as no optional output register could be merged into the ram block. Providing additional output register may help in improving timing.
INFO: [Synth 8-7052] The timing for the instance ram4/RAM_reg_0_0 (implemented as a Block RAM) might be sub-optimal as no optional output register could be merged into the ram block. Providing additional output register may help in improving timing.
INFO: [Synth 8-7052] The timing for the instance ram4/RAM_reg_0_1 (implemented as a Block RAM) might be sub-optimal as no optional output register could be merged into the ram block. Providing additional output register may help in improving timing.
INFO: [Synth 8-7052] The timing for the instance ram4/RAM_reg_0_2 (implemented as a Block RAM) might be sub-optimal as no optional output register could be merged into the ram block. Providing additional output register may help in improving timing.
INFO: [Synth 8-7052] The timing for the instance ram4/RAM_reg_0_3 (implemented as a Block RAM) might be sub-optimal as no optional output register could be merged into the ram block. Providing additional output register may help in improving timing.
INFO: [Synth 8-7052] The timing for the instance ram4/RAM_reg_0_4 (implemented as a Block RAM) might be sub-optimal as no optional output register could be merged into the ram block. Providing additional output register may help in improving timing.
INFO: [Synth 8-7052] The timing for the instance ram4/RAM_reg_0_5 (implemented as a Block RAM) might be sub-optimal as no optional output register could be merged into the ram block. Providing additional output register may help in improving timing.
INFO: [Synth 8-7052] The timing for the instance ram4/RAM_reg_0_6 (implemented as a Block RAM) might be sub-optimal as no optional output register could be merged into the ram block. Providing additional output register may help in improving timing.
INFO: [Synth 8-7052] The timing for the instance ram4/RAM_reg_0_7 (implemented as a Block RAM) might be sub-optimal as no optional output register could be merged into the ram block. Providing additional output register may help in improving timing.
INFO: [Synth 8-7052] The timing for the instance ram4/RAM_reg_0_8 (implemented as a Block RAM) might be sub-optimal as no optional output register could be merged into the ram block. Providing additional output register may help in improving timing.
INFO: [Synth 8-7052] The timing for the instance ram4/RAM_reg_0_9 (implemented as a Block RAM) might be sub-optimal as no optional output register could be merged into the ram block. Providing additional output register may help in improving timing.
INFO: [Synth 8-7052] The timing for the instance ram4/RAM_reg_0_10 (implemented as a Block RAM) might be sub-optimal as no optional output register could be merged into the ram block. Providing additional output register may help in improving timing.
INFO: [Synth 8-7052] The timing for the instance ram4/RAM_reg_0_11 (implemented as a Block RAM) might be sub-optimal as no optional output register could be merged into the ram block. Providing additional output register may help in improving timing.
---------------------------------------------------------------------------------
Finished Technology Mapping : Time (s): cpu = 00:00:19 ; elapsed = 00:00:46 . Memory (MB): peak = 1984.887 ; gain = 1050.027
---------------------------------------------------------------------------------
---------------------------------------------------------------------------------
Start IO Insertion
---------------------------------------------------------------------------------
---------------------------------------------------------------------------------
Start Flattening Before IO Insertion
---------------------------------------------------------------------------------
---------------------------------------------------------------------------------
Finished Flattening Before IO Insertion
---------------------------------------------------------------------------------
---------------------------------------------------------------------------------
Start Final Netlist Cleanup
---------------------------------------------------------------------------------
---------------------------------------------------------------------------------
Finished Final Netlist Cleanup
---------------------------------------------------------------------------------
---------------------------------------------------------------------------------
Finished IO Insertion : Time (s): cpu = 00:00:20 ; elapsed = 00:00:49 . Memory (MB): peak = 1989.562 ; gain = 1054.703
---------------------------------------------------------------------------------
---------------------------------------------------------------------------------
Start Renaming Generated Instances
---------------------------------------------------------------------------------
---------------------------------------------------------------------------------
Finished Renaming Generated Instances : Time (s): cpu = 00:00:20 ; elapsed = 00:00:49 . Memory (MB): peak = 1989.562 ; gain = 1054.703
---------------------------------------------------------------------------------
---------------------------------------------------------------------------------
Start Rebuilding User Hierarchy
---------------------------------------------------------------------------------
---------------------------------------------------------------------------------
Finished Rebuilding User Hierarchy : Time (s): cpu = 00:00:20 ; elapsed = 00:00:49 . Memory (MB): peak = 1989.562 ; gain = 1054.703
---------------------------------------------------------------------------------
---------------------------------------------------------------------------------
Start Renaming Generated Ports
---------------------------------------------------------------------------------
---------------------------------------------------------------------------------
Finished Renaming Generated Ports : Time (s): cpu = 00:00:20 ; elapsed = 00:00:49 . Memory (MB): peak = 1989.562 ; gain = 1054.703
---------------------------------------------------------------------------------
---------------------------------------------------------------------------------
Start Handling Custom Attributes
---------------------------------------------------------------------------------
---------------------------------------------------------------------------------
Finished Handling Custom Attributes : Time (s): cpu = 00:00:20 ; elapsed = 00:00:50 . Memory (MB): peak = 1989.602 ; gain = 1054.742
---------------------------------------------------------------------------------
---------------------------------------------------------------------------------
Start Renaming Generated Nets
---------------------------------------------------------------------------------
---------------------------------------------------------------------------------
Finished Renaming Generated Nets : Time (s): cpu = 00:00:20 ; elapsed = 00:00:50 . Memory (MB): peak = 1989.602 ; gain = 1054.742
---------------------------------------------------------------------------------
---------------------------------------------------------------------------------
Start Writing Synthesis Report
---------------------------------------------------------------------------------

Report BlackBoxes: 
+-+--------------+----------+
| |BlackBox name |Instances |
+-+--------------+----------+
+-+--------------+----------+

Report Cell Usage: 
+------+----------+------+
|      |Cell      |Count |
+------+----------+------+
|1     |BUFG      |     1|
|2     |CARRY4    |    86|
|3     |LUT1      |    12|
|4     |LUT2      |   129|
|5     |LUT3      |    61|
|6     |LUT4      |   301|
|7     |LUT5      |   153|
|8     |LUT6      |   875|
|9     |MUXF7     |   230|
|10    |MUXF8     |    92|
|11    |RAM256X1S |  1725|
|12    |RAMB36E1  |    48|
|59    |FDRE      |   399|
|60    |FDSE      |    67|
|61    |LD        |    26|
|62    |IBUF      |    10|
|63    |OBUF      |    17|
|64    |OBUFT     |     1|
+------+----------+------+
---------------------------------------------------------------------------------
Finished Writing Synthesis Report : Time (s): cpu = 00:00:20 ; elapsed = 00:00:50 . Memory (MB): peak = 1989.602 ; gain = 1054.742
---------------------------------------------------------------------------------
Synthesis finished with 0 errors, 0 critical warnings and 39 warnings.
Synthesis Optimization Runtime : Time (s): cpu = 00:00:17 ; elapsed = 00:00:48 . Memory (MB): peak = 1989.602 ; gain = 960.633
Synthesis Optimization Complete : Time (s): cpu = 00:00:20 ; elapsed = 00:00:50 . Memory (MB): peak = 1989.602 ; gain = 1054.742
INFO: [Project 1-571] Translating synthesized netlist
Netlist sorting complete. Time (s): cpu = 00:00:00 ; elapsed = 00:00:00.039 . Memory (MB): peak = 1999.781 ; gain = 0.000
INFO: [Netlist 29-17] Analyzing 2207 Unisim elements for replacement
INFO: [Netlist 29-28] Unisim Transformation completed in 0 CPU seconds
INFO: [Project 1-570] Preparing netlist for logic optimization
INFO: [Opt 31-138] Pushed 0 inverter(s) to 0 load pin(s).
Netlist sorting complete. Time (s): cpu = 00:00:00 ; elapsed = 00:00:00.004 . Memory (MB): peak = 2004.422 ; gain = 0.000
INFO: [Project 1-111] Unisim Transformation Summary:
  A total of 1751 instances were transformed.
  LD => LDCE: 26 instances
  RAM256X1S => RAM256X1S (MUXF7(x2), MUXF8, RAMS64E(x4)): 1725 instances

Synth Design complete | Checksum: 9cf3f272
INFO: [Common 17-83] Releasing license: Synthesis
106 Infos, 80 Warnings, 0 Critical Warnings and 0 Errors encountered.
synth_design completed successfully
synth_design: Time (s): cpu = 00:00:24 ; elapsed = 00:00:58 . Memory (MB): peak = 2004.422 ; gain = 1469.840
Write ShapeDB Complete: Time (s): cpu = 00:00:00 ; elapsed = 00:00:00.036 . Memory (MB): peak = 2004.422 ; gain = 0.000
INFO: [Common 17-1381] The checkpoint 'D:/NYCU/113-1/DCD Lab/Final Project/lab10_for_student/Lab10/lab10/lab10.runs/synth_1/walk.dcp' has been generated.
INFO: [Vivado 12-24828] Executing command : report_utilization -file walk_utilization_synth.rpt -pb walk_utilization_synth.pb
INFO: [Common 17-206] Exiting Vivado at Fri Dec 13 13:15:55 2024...
