
*** Running vivado
    with args -log walk.vdi -applog -m64 -product Vivado -messageDb vivado.pb -mode batch -source walk.tcl -notrace



****** Vivado v2024.1 (64-bit)
  **** SW Build 5076996 on Wed May 22 18:37:14 MDT 2024
  **** IP Build 5075265 on Wed May 22 21:45:21 MDT 2024
  **** SharedData Build 5076995 on Wed May 22 18:29:18 MDT 2024
  **** Start of session at: Fri Dec 13 13:16:04 2024
    ** Copyright 1986-2022 Xilinx, Inc. All Rights Reserved.
    ** Copyright 2022-2024 Advanced Micro Devices, Inc. All Rights Reserved.

source walk.tcl -notrace
create_project: Time (s): cpu = 00:00:03 ; elapsed = 00:00:08 . Memory (MB): peak = 525.621 ; gain = 198.465
Command: link_design -top walk -part xc7a35ticsg324-1L
Design is defaulting to srcset: sources_1
Design is defaulting to constrset: constrs_1
INFO: [Device 21-403] Loading part xc7a35ticsg324-1L
INFO: [Device 21-9227] Part: xc7a35ticsg324-1L does not have CEAM library.
Netlist sorting complete. Time (s): cpu = 00:00:00 ; elapsed = 00:00:00.020 . Memory (MB): peak = 935.363 ; gain = 0.000
INFO: [Netlist 29-17] Analyzing 2181 Unisim elements for replacement
INFO: [Netlist 29-28] Unisim Transformation completed in 1 CPU seconds
INFO: [Project 1-479] Netlist was created with Vivado 2024.1
INFO: [Project 1-570] Preparing netlist for logic optimization
Parsing XDC File [D:/NYCU/113-1/DCD Lab/Final Project/lab10_for_student/Lab10/lab10/lab10.srcs/constrs_1/lab10.xdc]
Finished Parsing XDC File [D:/NYCU/113-1/DCD Lab/Final Project/lab10_for_student/Lab10/lab10/lab10.srcs/constrs_1/lab10.xdc]
INFO: [Opt 31-138] Pushed 0 inverter(s) to 0 load pin(s).
Netlist sorting complete. Time (s): cpu = 00:00:00 ; elapsed = 00:00:00.005 . Memory (MB): peak = 1092.121 ; gain = 0.000
INFO: [Project 1-111] Unisim Transformation Summary:
  A total of 1725 instances were transformed.
  RAM256X1S => RAM256X1S (MUXF7(x2), MUXF8, RAMS64E(x4)): 1725 instances

8 Infos, 0 Warnings, 0 Critical Warnings and 0 Errors encountered.
link_design completed successfully
link_design: Time (s): cpu = 00:00:03 ; elapsed = 00:00:08 . Memory (MB): peak = 1092.121 ; gain = 566.500
Command: opt_design
Attempting to get a license for feature 'Implementation' and/or device 'xc7a35ti'
INFO: [Common 17-349] Got license for feature 'Implementation' and/or device 'xc7a35ti'
Running DRC as a precondition to command opt_design

Starting DRC Task
INFO: [DRC 23-27] Running DRC with 2 threads
INFO: [Project 1-461] DRC finished with 0 Errors
INFO: [Project 1-462] Please refer to the DRC report (report_drc) for more information.

Time (s): cpu = 00:00:01 ; elapsed = 00:00:00.621 . Memory (MB): peak = 1118.473 ; gain = 26.352

Starting Cache Timing Information Task
INFO: [Timing 38-35] Done setting XDC timing constraints.
Ending Cache Timing Information Task | Checksum: 23c5daf15

Time (s): cpu = 00:00:03 ; elapsed = 00:00:05 . Memory (MB): peak = 1665.496 ; gain = 547.023

Starting Logic Optimization Task

Phase 1 Initialization

Phase 1.1 Core Generation And Design Setup
Phase 1.1 Core Generation And Design Setup | Checksum: 23c5daf15

Time (s): cpu = 00:00:00 ; elapsed = 00:00:00.004 . Memory (MB): peak = 2050.711 ; gain = 0.000

Phase 1.2 Setup Constraints And Sort Netlist
Phase 1.2 Setup Constraints And Sort Netlist | Checksum: 23c5daf15

Time (s): cpu = 00:00:00 ; elapsed = 00:00:00.011 . Memory (MB): peak = 2050.711 ; gain = 0.000
Phase 1 Initialization | Checksum: 23c5daf15

Time (s): cpu = 00:00:00 ; elapsed = 00:00:00.013 . Memory (MB): peak = 2050.711 ; gain = 0.000

Phase 2 Timer Update And Timing Data Collection

Phase 2.1 Timer Update
Phase 2.1 Timer Update | Checksum: 23c5daf15

Time (s): cpu = 00:00:00 ; elapsed = 00:00:00.396 . Memory (MB): peak = 2050.711 ; gain = 0.000

Phase 2.2 Timing Data Collection
Phase 2.2 Timing Data Collection | Checksum: 23c5daf15

Time (s): cpu = 00:00:00 ; elapsed = 00:00:00.410 . Memory (MB): peak = 2050.711 ; gain = 0.000
Phase 2 Timer Update And Timing Data Collection | Checksum: 23c5daf15

Time (s): cpu = 00:00:00 ; elapsed = 00:00:00.413 . Memory (MB): peak = 2050.711 ; gain = 0.000

Phase 3 Retarget
INFO: [Opt 31-1834] Total Chains To Be Transformed Were: 0 AND Number of Transformed insts Created are: 0
INFO: [Opt 31-138] Pushed 0 inverter(s) to 0 load pin(s).
INFO: [Opt 31-49] Retargeted 0 cell(s).
Phase 3 Retarget | Checksum: 231abf8db

Time (s): cpu = 00:00:00 ; elapsed = 00:00:00.458 . Memory (MB): peak = 2050.711 ; gain = 0.000
Retarget | Checksum: 231abf8db
INFO: [Opt 31-389] Phase Retarget created 0 cells and removed 0 cells

Phase 4 Constant propagation
INFO: [Opt 31-138] Pushed 0 inverter(s) to 0 load pin(s).
Phase 4 Constant propagation | Checksum: 204b86ccb

Time (s): cpu = 00:00:00 ; elapsed = 00:00:00.473 . Memory (MB): peak = 2050.711 ; gain = 0.000
Constant propagation | Checksum: 204b86ccb
INFO: [Opt 31-389] Phase Constant propagation created 0 cells and removed 0 cells

Phase 5 Sweep
Phase 5 Sweep | Checksum: 26e3a38d1

Time (s): cpu = 00:00:00 ; elapsed = 00:00:00.524 . Memory (MB): peak = 2050.711 ; gain = 0.000
Sweep | Checksum: 26e3a38d1
INFO: [Opt 31-389] Phase Sweep created 0 cells and removed 0 cells

Phase 6 BUFG optimization
Phase 6 BUFG optimization | Checksum: 26e3a38d1

Time (s): cpu = 00:00:00 ; elapsed = 00:00:00.695 . Memory (MB): peak = 2050.711 ; gain = 0.000
BUFG optimization | Checksum: 26e3a38d1
INFO: [Opt 31-662] Phase BUFG optimization created 0 cells of which 0 are BUFGs and removed 0 cells.

Phase 7 Shift Register Optimization
INFO: [Opt 31-1064] SRL Remap converted 0 SRLs to 0 registers and converted 0 registers of register chains to 0 SRLs
Phase 7 Shift Register Optimization | Checksum: 26e3a38d1

Time (s): cpu = 00:00:00 ; elapsed = 00:00:00.705 . Memory (MB): peak = 2050.711 ; gain = 0.000
Shift Register Optimization | Checksum: 26e3a38d1
INFO: [Opt 31-389] Phase Shift Register Optimization created 0 cells and removed 0 cells

Phase 8 Post Processing Netlist
Phase 8 Post Processing Netlist | Checksum: 26e3a38d1

Time (s): cpu = 00:00:00 ; elapsed = 00:00:00.723 . Memory (MB): peak = 2050.711 ; gain = 0.000
Post Processing Netlist | Checksum: 26e3a38d1
INFO: [Opt 31-389] Phase Post Processing Netlist created 0 cells and removed 0 cells

Phase 9 Finalization

Phase 9.1 Finalizing Design Cores and Updating Shapes
Phase 9.1 Finalizing Design Cores and Updating Shapes | Checksum: 100661cb7

Time (s): cpu = 00:00:00 ; elapsed = 00:00:00.770 . Memory (MB): peak = 2050.711 ; gain = 0.000

Phase 9.2 Verifying Netlist Connectivity

Starting Connectivity Check Task

Time (s): cpu = 00:00:00 ; elapsed = 00:00:00.004 . Memory (MB): peak = 2050.711 ; gain = 0.000
Phase 9.2 Verifying Netlist Connectivity | Checksum: 100661cb7

Time (s): cpu = 00:00:00 ; elapsed = 00:00:00.777 . Memory (MB): peak = 2050.711 ; gain = 0.000
Phase 9 Finalization | Checksum: 100661cb7

Time (s): cpu = 00:00:00 ; elapsed = 00:00:00.779 . Memory (MB): peak = 2050.711 ; gain = 0.000
Opt_design Change Summary
=========================


-------------------------------------------------------------------------------------------------------------------------
|  Phase                        |  #Cells created  |  #Cells Removed  |  #Constrained objects preventing optimizations  |
-------------------------------------------------------------------------------------------------------------------------
|  Retarget                     |               0  |               0  |                                              0  |
|  Constant propagation         |               0  |               0  |                                              0  |
|  Sweep                        |               0  |               0  |                                              0  |
|  BUFG optimization            |               0  |               0  |                                              0  |
|  Shift Register Optimization  |               0  |               0  |                                              0  |
|  Post Processing Netlist      |               0  |               0  |                                              0  |
-------------------------------------------------------------------------------------------------------------------------


Ending Logic Optimization Task | Checksum: 100661cb7

Time (s): cpu = 00:00:00 ; elapsed = 00:00:00.781 . Memory (MB): peak = 2050.711 ; gain = 0.000

Starting Power Optimization Task
INFO: [Pwropt 34-132] Skipping clock gating for clocks with a period < 2.00 ns.
INFO: [Timing 38-35] Done setting XDC timing constraints.
Running Vector-less Activity Propagation...

Finished Running Vector-less Activity Propagation
INFO: [Pwropt 34-9] Applying IDT optimizations ...
INFO: [Pwropt 34-10] Applying ODC optimizations ...


Starting PowerOpt Patch Enables Task
INFO: [Pwropt 34-162] WRITE_MODE attribute of 0 BRAM(s) out of a total of 48 has been updated to save power. Run report_power_opt to get a complete listing of the BRAMs updated.
INFO: [Pwropt 34-201] Structural ODC has moved 0 WE to EN ports
Number of BRAM Ports augmented: 0 newly gated: 0 Total Ports: 96
Ending PowerOpt Patch Enables Task | Checksum: 100661cb7

Time (s): cpu = 00:00:00 ; elapsed = 00:00:00.116 . Memory (MB): peak = 2183.129 ; gain = 0.000
Ending Power Optimization Task | Checksum: 100661cb7

Time (s): cpu = 00:00:02 ; elapsed = 00:00:02 . Memory (MB): peak = 2183.129 ; gain = 132.418

Starting Final Cleanup Task
Ending Final Cleanup Task | Checksum: 100661cb7

Time (s): cpu = 00:00:00 ; elapsed = 00:00:00.002 . Memory (MB): peak = 2183.129 ; gain = 0.000

Starting Netlist Obfuscation Task
Netlist sorting complete. Time (s): cpu = 00:00:00 ; elapsed = 00:00:00.005 . Memory (MB): peak = 2183.129 ; gain = 0.000
Ending Netlist Obfuscation Task | Checksum: 100661cb7

Time (s): cpu = 00:00:00 ; elapsed = 00:00:00.007 . Memory (MB): peak = 2183.129 ; gain = 0.000
INFO: [Common 17-83] Releasing license: Implementation
31 Infos, 0 Warnings, 0 Critical Warnings and 0 Errors encountered.
opt_design completed successfully
opt_design: Time (s): cpu = 00:00:07 ; elapsed = 00:00:11 . Memory (MB): peak = 2183.129 ; gain = 1091.008
INFO: [Vivado 12-24828] Executing command : report_drc -file walk_drc_opted.rpt -pb walk_drc_opted.pb -rpx walk_drc_opted.rpx
Command: report_drc -file walk_drc_opted.rpt -pb walk_drc_opted.pb -rpx walk_drc_opted.rpx
INFO: [IP_Flow 19-234] Refreshing IP repositories
INFO: [IP_Flow 19-1704] No user IP repositories specified
INFO: [IP_Flow 19-2313] Loaded Vivado IP repository 'C:/Xilinx/Vivado/2024.1/data/ip'.
INFO: [DRC 23-27] Running DRC with 2 threads
INFO: [Vivado_Tcl 2-168] The results of DRC are in file D:/NYCU/113-1/DCD Lab/Final Project/lab10_for_student/Lab10/lab10/lab10.runs/impl_1/walk_drc_opted.rpt.
report_drc completed successfully
INFO: [Timing 38-480] Writing timing data to binary archive.
Wrote PlaceDB: Time (s): cpu = 00:00:00 ; elapsed = 00:00:00.003 . Memory (MB): peak = 2183.129 ; gain = 0.000
Wrote PulsedLatchDB: Time (s): cpu = 00:00:00 ; elapsed = 00:00:00.001 . Memory (MB): peak = 2183.129 ; gain = 0.000
Writing XDEF routing.
Writing XDEF routing logical nets.
Write ShapeDB Complete: Time (s): cpu = 00:00:00 ; elapsed = 00:00:00.039 . Memory (MB): peak = 2183.129 ; gain = 0.000
Writing XDEF routing special nets.
Wrote RouteStorage: Time (s): cpu = 00:00:00 ; elapsed = 00:00:00.060 . Memory (MB): peak = 2183.129 ; gain = 0.000
Wrote Netlist Cache: Time (s): cpu = 00:00:00 ; elapsed = 00:00:00 . Memory (MB): peak = 2183.129 ; gain = 0.000
Wrote Device Cache: Time (s): cpu = 00:00:00 ; elapsed = 00:00:00.004 . Memory (MB): peak = 2183.129 ; gain = 0.000
Write Physdb Complete: Time (s): cpu = 00:00:00 ; elapsed = 00:00:00.070 . Memory (MB): peak = 2183.129 ; gain = 0.000
INFO: [Common 17-1381] The checkpoint 'D:/NYCU/113-1/DCD Lab/Final Project/lab10_for_student/Lab10/lab10/lab10.runs/impl_1/walk_opt.dcp' has been generated.
Command: place_design
Attempting to get a license for feature 'Implementation' and/or device 'xc7a35ti'
INFO: [Common 17-349] Got license for feature 'Implementation' and/or device 'xc7a35ti'
INFO: [Common 17-83] Releasing license: Implementation
INFO: [DRC 23-27] Running DRC with 2 threads
INFO: [Vivado_Tcl 4-198] DRC finished with 0 Errors
INFO: [Vivado_Tcl 4-199] Please refer to the DRC report (report_drc) for more information.
Running DRC as a precondition to command place_design
INFO: [DRC 23-27] Running DRC with 2 threads
INFO: [Vivado_Tcl 4-198] DRC finished with 0 Errors
INFO: [Vivado_Tcl 4-199] Please refer to the DRC report (report_drc) for more information.
INFO: [Place 30-611] Multithreading enabled for place_design using a maximum of 2 CPUs

Starting Placer Task

Phase 1 Placer Initialization

Phase 1.1 Placer Initialization Netlist Sorting
Netlist sorting complete. Time (s): cpu = 00:00:00 ; elapsed = 00:00:00.005 . Memory (MB): peak = 2183.129 ; gain = 0.000
Phase 1.1 Placer Initialization Netlist Sorting | Checksum: fa6387f7

Time (s): cpu = 00:00:00 ; elapsed = 00:00:00.008 . Memory (MB): peak = 2183.129 ; gain = 0.000
Netlist sorting complete. Time (s): cpu = 00:00:00 ; elapsed = 00:00:00.004 . Memory (MB): peak = 2183.129 ; gain = 0.000

Phase 1.2 IO Placement/ Clock Placement/ Build Placer Device
INFO: [Timing 38-35] Done setting XDC timing constraints.
Phase 1.2 IO Placement/ Clock Placement/ Build Placer Device | Checksum: 1db289a93

Time (s): cpu = 00:00:01 ; elapsed = 00:00:00.909 . Memory (MB): peak = 2183.129 ; gain = 0.000

Phase 1.3 Build Placer Netlist Model
Phase 1.3 Build Placer Netlist Model | Checksum: 238ca119c

Time (s): cpu = 00:00:03 ; elapsed = 00:00:04 . Memory (MB): peak = 2183.129 ; gain = 0.000

Phase 1.4 Constrain Clocks/Macros
Phase 1.4 Constrain Clocks/Macros | Checksum: 238ca119c

Time (s): cpu = 00:00:03 ; elapsed = 00:00:04 . Memory (MB): peak = 2183.129 ; gain = 0.000
Phase 1 Placer Initialization | Checksum: 238ca119c

Time (s): cpu = 00:00:03 ; elapsed = 00:00:04 . Memory (MB): peak = 2183.129 ; gain = 0.000

Phase 2 Global Placement

Phase 2.1 Floorplanning
Phase 2.1 Floorplanning | Checksum: 24bd77ee5

Time (s): cpu = 00:00:03 ; elapsed = 00:00:05 . Memory (MB): peak = 2183.129 ; gain = 0.000

Phase 2.2 Update Timing before SLR Path Opt
Phase 2.2 Update Timing before SLR Path Opt | Checksum: 21bc98170

Time (s): cpu = 00:00:03 ; elapsed = 00:00:06 . Memory (MB): peak = 2183.129 ; gain = 0.000

Phase 2.3 Post-Processing in Floorplanning
Phase 2.3 Post-Processing in Floorplanning | Checksum: 21bc98170

Time (s): cpu = 00:00:03 ; elapsed = 00:00:06 . Memory (MB): peak = 2183.129 ; gain = 0.000

Phase 2.4 Global Placement Core

Phase 2.4.1 UpdateTiming Before Physical Synthesis
Phase 2.4.1 UpdateTiming Before Physical Synthesis | Checksum: 2acc59c52

Time (s): cpu = 00:00:08 ; elapsed = 00:00:12 . Memory (MB): peak = 2183.129 ; gain = 0.000

Phase 2.4.2 Physical Synthesis In Placer
INFO: [Physopt 32-1035] Found 0 LUTNM shape to break, 61 LUT instances to create LUTNM shape
INFO: [Physopt 32-1044] Break lutnm for timing: one critical 0, two critical 0, total 0, new lutff created 0
INFO: [Physopt 32-1138] End 1 Pass. Optimized 27 nets or LUTs. Breaked 0 LUT, combined 27 existing LUTs and moved 0 existing LUT
INFO: [Physopt 32-1408] Pass 1. Identified 4 candidate nets for high-fanout optimization.
INFO: [Physopt 32-81] Processed net bg_pixel_addr_0_reg_n_0_[0]. Replicated 12 times.
INFO: [Physopt 32-81] Processed net bg_pixel_addr_0_reg_n_0_[1]. Replicated 13 times.
INFO: [Physopt 32-81] Processed net bg_pixel_addr_0_reg_n_0_[2]. Replicated 13 times.
INFO: [Physopt 32-81] Processed net bg_pixel_addr_0_reg_n_0_[3]. Replicated 13 times.
INFO: [Physopt 32-232] Optimized 4 nets. Created 51 new instances.
INFO: [Physopt 32-775] End 1 Pass. Optimized 4 nets or cells. Created 51 new cells, deleted 0 existing cell and moved 0 existing cell
Netlist sorting complete. Time (s): cpu = 00:00:00 ; elapsed = 00:00:00.022 . Memory (MB): peak = 2183.129 ; gain = 0.000
INFO: [Physopt 32-670] No setup violation found.  DSP Register Optimization was not performed.
INFO: [Physopt 32-670] No setup violation found.  Shift Register to Pipeline Optimization was not performed.
INFO: [Physopt 32-670] No setup violation found.  Shift Register Optimization was not performed.
INFO: [Physopt 32-670] No setup violation found.  BRAM Register Optimization was not performed.
INFO: [Physopt 32-670] No setup violation found.  URAM Register Optimization was not performed.
INFO: [Physopt 32-949] No candidate nets found for dynamic/static region interface net replication
INFO: [Physopt 32-775] End 1 Pass. Optimized 0 net or cell. Created 0 new cell, deleted 0 existing cell and moved 0 existing cell
Netlist sorting complete. Time (s): cpu = 00:00:00 ; elapsed = 00:00:00.004 . Memory (MB): peak = 2183.129 ; gain = 0.000

Summary of Physical Synthesis Optimizations
============================================


-----------------------------------------------------------------------------------------------------------------------------------------------------------
|  Optimization                                     |  Added Cells  |  Removed Cells  |  Optimized Cells/Nets  |  Dont Touch  |  Iterations  |  Elapsed   |
-----------------------------------------------------------------------------------------------------------------------------------------------------------
|  LUT Combining                                    |            0  |             27  |                    27  |           0  |           1  |  00:00:00  |
|  Retime                                           |            0  |              0  |                     0  |           0  |           1  |  00:00:00  |
|  Very High Fanout                                 |           51  |              0  |                     4  |           0  |           1  |  00:00:03  |
|  DSP Register                                     |            0  |              0  |                     0  |           0  |           0  |  00:00:00  |
|  Shift Register to Pipeline                       |            0  |              0  |                     0  |           0  |           0  |  00:00:00  |
|  Shift Register                                   |            0  |              0  |                     0  |           0  |           0  |  00:00:00  |
|  BRAM Register                                    |            0  |              0  |                     0  |           0  |           0  |  00:00:00  |
|  URAM Register                                    |            0  |              0  |                     0  |           0  |           0  |  00:00:00  |
|  Dynamic/Static Region Interface Net Replication  |            0  |              0  |                     0  |           0  |           1  |  00:00:00  |
|  Total                                            |           51  |             27  |                    31  |           0  |           4  |  00:00:03  |
-----------------------------------------------------------------------------------------------------------------------------------------------------------


Phase 2.4.2 Physical Synthesis In Placer | Checksum: 25df55742

Time (s): cpu = 00:00:11 ; elapsed = 00:00:16 . Memory (MB): peak = 2183.129 ; gain = 0.000
Phase 2.4 Global Placement Core | Checksum: 2033d3d4d

Time (s): cpu = 00:00:11 ; elapsed = 00:00:16 . Memory (MB): peak = 2183.129 ; gain = 0.000
Phase 2 Global Placement | Checksum: 2033d3d4d

Time (s): cpu = 00:00:11 ; elapsed = 00:00:16 . Memory (MB): peak = 2183.129 ; gain = 0.000

Phase 3 Detail Placement

Phase 3.1 Commit Multi Column Macros
Phase 3.1 Commit Multi Column Macros | Checksum: 1cb450588

Time (s): cpu = 00:00:11 ; elapsed = 00:00:17 . Memory (MB): peak = 2183.129 ; gain = 0.000

Phase 3.2 Commit Most Macros & LUTRAMs
Phase 3.2 Commit Most Macros & LUTRAMs | Checksum: 187046d4c

Time (s): cpu = 00:00:14 ; elapsed = 00:00:24 . Memory (MB): peak = 2183.129 ; gain = 0.000

Phase 3.3 Area Swap Optimization
Phase 3.3 Area Swap Optimization | Checksum: 17fef30e1

Time (s): cpu = 00:00:14 ; elapsed = 00:00:24 . Memory (MB): peak = 2183.129 ; gain = 0.000

Phase 3.4 Pipeline Register Optimization
Phase 3.4 Pipeline Register Optimization | Checksum: 17ec1e5e9

Time (s): cpu = 00:00:14 ; elapsed = 00:00:24 . Memory (MB): peak = 2183.129 ; gain = 0.000

Phase 3.5 Small Shape Detail Placement
Phase 3.5 Small Shape Detail Placement | Checksum: 18e712002

Time (s): cpu = 00:00:15 ; elapsed = 00:00:25 . Memory (MB): peak = 2183.129 ; gain = 0.000

Phase 3.6 Re-assign LUT pins
Phase 3.6 Re-assign LUT pins | Checksum: 1f2cbde7d

Time (s): cpu = 00:00:15 ; elapsed = 00:00:25 . Memory (MB): peak = 2183.129 ; gain = 0.000

Phase 3.7 Pipeline Register Optimization
Phase 3.7 Pipeline Register Optimization | Checksum: 1f0782375

Time (s): cpu = 00:00:15 ; elapsed = 00:00:25 . Memory (MB): peak = 2183.129 ; gain = 0.000
Phase 3 Detail Placement | Checksum: 1f0782375

Time (s): cpu = 00:00:15 ; elapsed = 00:00:25 . Memory (MB): peak = 2183.129 ; gain = 0.000

Phase 4 Post Placement Optimization and Clean-Up

Phase 4.1 Post Commit Optimization
INFO: [Timing 38-35] Done setting XDC timing constraints.

Phase 4.1.1 Post Placement Optimization
Post Placement Optimization Initialization | Checksum: 2826c1421

Phase 4.1.1.1 BUFG Insertion

Starting Physical Synthesis Task

Phase 1 Physical Synthesis Initialization
INFO: [Physopt 32-721] Multithreading enabled for phys_opt_design using a maximum of 2 CPUs
INFO: [Physopt 32-619] Estimated Timing Summary | WNS=1.003 | TNS=0.000 |
Phase 1 Physical Synthesis Initialization | Checksum: 19948fd49

Time (s): cpu = 00:00:00 ; elapsed = 00:00:00.759 . Memory (MB): peak = 2183.129 ; gain = 0.000
INFO: [Place 46-56] BUFG insertion identified 0 candidate nets. Inserted BUFG: 0, Replicated BUFG Driver: 0, Skipped due to Placement/Routing Conflicts: 0, Skipped due to Timing Degradation: 0, Skipped due to netlist editing failed: 0.
Ending Physical Synthesis Task | Checksum: 1f6cb3c83

Time (s): cpu = 00:00:00 ; elapsed = 00:00:01 . Memory (MB): peak = 2183.129 ; gain = 0.000
Phase 4.1.1.1 BUFG Insertion | Checksum: 2826c1421

Time (s): cpu = 00:00:17 ; elapsed = 00:00:29 . Memory (MB): peak = 2183.129 ; gain = 0.000

Phase 4.1.1.2 Post Placement Timing Optimization
INFO: [Place 30-746] Post Placement Timing Summary WNS=1.003. For the most accurate timing information please run report_timing.
Phase 4.1.1.2 Post Placement Timing Optimization | Checksum: 2395697af

Time (s): cpu = 00:00:17 ; elapsed = 00:00:29 . Memory (MB): peak = 2183.129 ; gain = 0.000

Time (s): cpu = 00:00:17 ; elapsed = 00:00:29 . Memory (MB): peak = 2183.129 ; gain = 0.000
Phase 4.1 Post Commit Optimization | Checksum: 2395697af

Time (s): cpu = 00:00:17 ; elapsed = 00:00:29 . Memory (MB): peak = 2183.129 ; gain = 0.000

Phase 4.2 Post Placement Cleanup
Phase 4.2 Post Placement Cleanup | Checksum: 2395697af

Time (s): cpu = 00:00:17 ; elapsed = 00:00:29 . Memory (MB): peak = 2183.129 ; gain = 0.000

Phase 4.3 Placer Reporting

Phase 4.3.1 Print Estimated Congestion
INFO: [Place 30-612] Post-Placement Estimated Congestion 
 ____________________________________________________
|           | Global Congestion | Short Congestion  |
| Direction | Region Size       | Region Size       |
|___________|___________________|___________________|
|      North|                1x1|                1x1|
|___________|___________________|___________________|
|      South|                1x1|                1x1|
|___________|___________________|___________________|
|       East|                1x1|                1x1|
|___________|___________________|___________________|
|       West|                1x1|                1x1|
|___________|___________________|___________________|

Phase 4.3.1 Print Estimated Congestion | Checksum: 2395697af

Time (s): cpu = 00:00:17 ; elapsed = 00:00:29 . Memory (MB): peak = 2183.129 ; gain = 0.000
Phase 4.3 Placer Reporting | Checksum: 2395697af

Time (s): cpu = 00:00:17 ; elapsed = 00:00:29 . Memory (MB): peak = 2183.129 ; gain = 0.000

Phase 4.4 Final Placement Cleanup
Netlist sorting complete. Time (s): cpu = 00:00:00 ; elapsed = 00:00:00.006 . Memory (MB): peak = 2183.129 ; gain = 0.000

Time (s): cpu = 00:00:17 ; elapsed = 00:00:29 . Memory (MB): peak = 2183.129 ; gain = 0.000
Phase 4 Post Placement Optimization and Clean-Up | Checksum: 1a937eff8

Time (s): cpu = 00:00:18 ; elapsed = 00:00:29 . Memory (MB): peak = 2183.129 ; gain = 0.000
Ending Placer Task | Checksum: 133c74ff7

Time (s): cpu = 00:00:18 ; elapsed = 00:00:30 . Memory (MB): peak = 2183.129 ; gain = 0.000
72 Infos, 0 Warnings, 0 Critical Warnings and 0 Errors encountered.
place_design completed successfully
place_design: Time (s): cpu = 00:00:19 ; elapsed = 00:00:31 . Memory (MB): peak = 2183.129 ; gain = 0.000
INFO: [Vivado 12-24838] Running report commands "report_control_sets, report_io, report_utilization" in parallel.
Running report generation with 2 threads.
INFO: [Vivado 12-24828] Executing command : report_io -file walk_io_placed.rpt
report_io: Time (s): cpu = 00:00:00 ; elapsed = 00:00:00.041 . Memory (MB): peak = 2183.129 ; gain = 0.000
INFO: [Vivado 12-24828] Executing command : report_control_sets -verbose -file walk_control_sets_placed.rpt
report_control_sets: Time (s): cpu = 00:00:00 ; elapsed = 00:00:00.043 . Memory (MB): peak = 2183.129 ; gain = 0.000
INFO: [Vivado 12-24828] Executing command : report_utilization -file walk_utilization_placed.rpt -pb walk_utilization_placed.pb
INFO: [Timing 38-480] Writing timing data to binary archive.
Write ShapeDB Complete: Time (s): cpu = 00:00:00 ; elapsed = 00:00:00.053 . Memory (MB): peak = 2183.129 ; gain = 0.000
Wrote PlaceDB: Time (s): cpu = 00:00:00 ; elapsed = 00:00:00.601 . Memory (MB): peak = 2183.129 ; gain = 0.000
Wrote PulsedLatchDB: Time (s): cpu = 00:00:00 ; elapsed = 00:00:00 . Memory (MB): peak = 2183.129 ; gain = 0.000
Writing XDEF routing.
Writing XDEF routing logical nets.
Writing XDEF routing special nets.
Wrote RouteStorage: Time (s): cpu = 00:00:00 ; elapsed = 00:00:00.024 . Memory (MB): peak = 2183.129 ; gain = 0.000
Wrote Netlist Cache: Time (s): cpu = 00:00:00 ; elapsed = 00:00:00.008 . Memory (MB): peak = 2183.129 ; gain = 0.000
Wrote Device Cache: Time (s): cpu = 00:00:00 ; elapsed = 00:00:00.004 . Memory (MB): peak = 2183.129 ; gain = 0.000
Write Physdb Complete: Time (s): cpu = 00:00:00 ; elapsed = 00:00:00.644 . Memory (MB): peak = 2183.129 ; gain = 0.000
INFO: [Common 17-1381] The checkpoint 'D:/NYCU/113-1/DCD Lab/Final Project/lab10_for_student/Lab10/lab10/lab10.runs/impl_1/walk_placed.dcp' has been generated.
Command: route_design
Attempting to get a license for feature 'Implementation' and/or device 'xc7a35ti'
INFO: [Common 17-349] Got license for feature 'Implementation' and/or device 'xc7a35ti'
Running DRC as a precondition to command route_design
INFO: [DRC 23-27] Running DRC with 2 threads
INFO: [Vivado_Tcl 4-198] DRC finished with 0 Errors
INFO: [Vivado_Tcl 4-199] Please refer to the DRC report (report_drc) for more information.


Starting Routing Task
INFO: [Route 35-254] Multithreading enabled for route_design using a maximum of 8 CPUs

Phase 1 Build RT Design
Checksum: PlaceDB: 7b86ff56 ConstDB: 0 ShapeSum: 17bef44a RouteDB: a0815c57
Post Restoration Checksum: NetGraph: 9852d9aa | NumContArr: c52e91d | Constraints: c2a8fa9d | Timing: c2a8fa9d
Phase 1 Build RT Design | Checksum: 229f7b801

Time (s): cpu = 00:00:08 ; elapsed = 00:00:13 . Memory (MB): peak = 2272.137 ; gain = 89.008

Phase 2 Router Initialization

Phase 2.1 Fix Topology Constraints
Phase 2.1 Fix Topology Constraints | Checksum: 229f7b801

Time (s): cpu = 00:00:08 ; elapsed = 00:00:13 . Memory (MB): peak = 2272.137 ; gain = 89.008

Phase 2.2 Pre Route Cleanup
Phase 2.2 Pre Route Cleanup | Checksum: 229f7b801

Time (s): cpu = 00:00:08 ; elapsed = 00:00:13 . Memory (MB): peak = 2272.137 ; gain = 89.008
 Number of Nodes with overlaps = 0

Phase 2.3 Update Timing
Phase 2.3 Update Timing | Checksum: 279123504

Time (s): cpu = 00:00:10 ; elapsed = 00:00:17 . Memory (MB): peak = 2342.891 ; gain = 159.762
INFO: [Route 35-416] Intermediate Timing Summary | WNS=1.136  | TNS=0.000  | WHS=-0.227 | THS=-383.800|


Router Utilization Summary
  Global Vertical Routing Utilization    = 0.0027904 %
  Global Horizontal Routing Utilization  = 0.00403436 %
  Routable Net Status*
  *Does not include unroutable nets such as driverless and loadless.
  Run report_route_status for detailed report.
  Number of Failed Nets               = 3222
    (Failed Nets is the sum of unrouted and partially routed nets)
  Number of Unrouted Nets             = 3219
  Number of Partially Routed Nets     = 3
  Number of Node Overlaps             = 6

Phase 2 Router Initialization | Checksum: 278a839f6

Time (s): cpu = 00:00:11 ; elapsed = 00:00:18 . Memory (MB): peak = 2361.531 ; gain = 178.402

Phase 3 Global Routing
Phase 3 Global Routing | Checksum: 278a839f6

Time (s): cpu = 00:00:11 ; elapsed = 00:00:18 . Memory (MB): peak = 2361.531 ; gain = 178.402

Phase 4 Initial Routing

Phase 4.1 Initial Net Routing Pass
Phase 4.1 Initial Net Routing Pass | Checksum: 2a18d3727

Time (s): cpu = 00:00:23 ; elapsed = 00:00:24 . Memory (MB): peak = 2634.605 ; gain = 451.477
Phase 4 Initial Routing | Checksum: 2a18d3727

Time (s): cpu = 00:00:23 ; elapsed = 00:00:24 . Memory (MB): peak = 2634.605 ; gain = 451.477

Phase 5 Rip-up And Reroute

Phase 5.1 Global Iteration 0
 Number of Nodes with overlaps = 883
 Number of Nodes with overlaps = 241
 Number of Nodes with overlaps = 92
 Number of Nodes with overlaps = 37
 Number of Nodes with overlaps = 19
 Number of Nodes with overlaps = 6
 Number of Nodes with overlaps = 5
 Number of Nodes with overlaps = 4
 Number of Nodes with overlaps = 2
 Number of Nodes with overlaps = 0
INFO: [Route 35-416] Intermediate Timing Summary | WNS=0.778  | TNS=0.000  | WHS=N/A    | THS=N/A    |

Phase 5.1 Global Iteration 0 | Checksum: dfdea425

Time (s): cpu = 00:00:33 ; elapsed = 00:00:41 . Memory (MB): peak = 2634.605 ; gain = 451.477
Phase 5 Rip-up And Reroute | Checksum: dfdea425

Time (s): cpu = 00:00:33 ; elapsed = 00:00:41 . Memory (MB): peak = 2634.605 ; gain = 451.477

Phase 6 Delay and Skew Optimization

Phase 6.1 Delay CleanUp

Phase 6.1.1 Update Timing
Phase 6.1.1 Update Timing | Checksum: ee40cf23

Time (s): cpu = 00:00:33 ; elapsed = 00:00:42 . Memory (MB): peak = 2634.605 ; gain = 451.477
INFO: [Route 35-416] Intermediate Timing Summary | WNS=0.857  | TNS=0.000  | WHS=N/A    | THS=N/A    |

Phase 6.1 Delay CleanUp | Checksum: ee40cf23

Time (s): cpu = 00:00:33 ; elapsed = 00:00:42 . Memory (MB): peak = 2634.605 ; gain = 451.477

Phase 6.2 Clock Skew Optimization
Phase 6.2 Clock Skew Optimization | Checksum: ee40cf23

Time (s): cpu = 00:00:33 ; elapsed = 00:00:42 . Memory (MB): peak = 2634.605 ; gain = 451.477
Phase 6 Delay and Skew Optimization | Checksum: ee40cf23

Time (s): cpu = 00:00:33 ; elapsed = 00:00:42 . Memory (MB): peak = 2634.605 ; gain = 451.477

Phase 7 Post Hold Fix

Phase 7.1 Hold Fix Iter
INFO: [Route 35-416] Intermediate Timing Summary | WNS=0.857  | TNS=0.000  | WHS=0.046  | THS=0.000  |

Phase 7.1 Hold Fix Iter | Checksum: 13679ced3

Time (s): cpu = 00:00:34 ; elapsed = 00:00:43 . Memory (MB): peak = 2634.605 ; gain = 451.477
Phase 7 Post Hold Fix | Checksum: 13679ced3

Time (s): cpu = 00:00:34 ; elapsed = 00:00:43 . Memory (MB): peak = 2634.605 ; gain = 451.477

Phase 8 Route finalize

Router Utilization Summary
  Global Vertical Routing Utilization    = 8.14693 %
  Global Horizontal Routing Utilization  = 7.24167 %
  Routable Net Status*
  *Does not include unroutable nets such as driverless and loadless.
  Run report_route_status for detailed report.
  Number of Failed Nets               = 0
    (Failed Nets is the sum of unrouted and partially routed nets)
  Number of Unrouted Nets             = 0
  Number of Partially Routed Nets     = 0
  Number of Node Overlaps             = 0

Phase 8 Route finalize | Checksum: 13679ced3

Time (s): cpu = 00:00:34 ; elapsed = 00:00:43 . Memory (MB): peak = 2634.605 ; gain = 451.477

Phase 9 Verifying routed nets

 Verification completed successfully
Phase 9 Verifying routed nets | Checksum: 13679ced3

Time (s): cpu = 00:00:34 ; elapsed = 00:00:43 . Memory (MB): peak = 2634.605 ; gain = 451.477

Phase 10 Depositing Routes
Phase 10 Depositing Routes | Checksum: 187b0f76f

Time (s): cpu = 00:00:34 ; elapsed = 00:00:43 . Memory (MB): peak = 2634.605 ; gain = 451.477

Phase 11 Post Process Routing
Phase 11 Post Process Routing | Checksum: 187b0f76f

Time (s): cpu = 00:00:34 ; elapsed = 00:00:43 . Memory (MB): peak = 2634.605 ; gain = 451.477

Phase 12 Post Router Timing
INFO: [Route 35-57] Estimated Timing Summary | WNS=0.857  | TNS=0.000  | WHS=0.046  | THS=0.000  |

INFO: [Route 35-327] The final timing numbers are based on the router estimated timing analysis. For a complete and accurate timing signoff, please run report_timing_summary.
Phase 12 Post Router Timing | Checksum: 187b0f76f

Time (s): cpu = 00:00:34 ; elapsed = 00:00:43 . Memory (MB): peak = 2634.605 ; gain = 451.477
Total Elapsed time in route_design: 43.019 secs

Phase 13 Post-Route Event Processing
Phase 13 Post-Route Event Processing | Checksum: 15a84b9c9

Time (s): cpu = 00:00:34 ; elapsed = 00:00:43 . Memory (MB): peak = 2634.605 ; gain = 451.477
INFO: [Route 35-16] Router Completed Successfully
Ending Routing Task | Checksum: 15a84b9c9

Time (s): cpu = 00:00:34 ; elapsed = 00:00:43 . Memory (MB): peak = 2634.605 ; gain = 451.477

Routing Is Done.
INFO: [Common 17-83] Releasing license: Implementation
91 Infos, 0 Warnings, 0 Critical Warnings and 0 Errors encountered.
route_design completed successfully
route_design: Time (s): cpu = 00:00:35 ; elapsed = 00:00:44 . Memory (MB): peak = 2634.605 ; gain = 451.477
INFO: [Vivado 12-24828] Executing command : report_drc -file walk_drc_routed.rpt -pb walk_drc_routed.pb -rpx walk_drc_routed.rpx
Command: report_drc -file walk_drc_routed.rpt -pb walk_drc_routed.pb -rpx walk_drc_routed.rpx
INFO: [IP_Flow 19-1839] IP Catalog is up to date.
INFO: [DRC 23-27] Running DRC with 2 threads
INFO: [Vivado_Tcl 2-168] The results of DRC are in file D:/NYCU/113-1/DCD Lab/Final Project/lab10_for_student/Lab10/lab10/lab10.runs/impl_1/walk_drc_routed.rpt.
report_drc completed successfully
INFO: [Vivado 12-24828] Executing command : report_methodology -file walk_methodology_drc_routed.rpt -pb walk_methodology_drc_routed.pb -rpx walk_methodology_drc_routed.rpx
Command: report_methodology -file walk_methodology_drc_routed.rpt -pb walk_methodology_drc_routed.pb -rpx walk_methodology_drc_routed.rpx
INFO: [Timing 38-35] Done setting XDC timing constraints.
INFO: [DRC 23-133] Running Methodology with 2 threads
INFO: [Vivado_Tcl 2-1520] The results of Report Methodology are in file D:/NYCU/113-1/DCD Lab/Final Project/lab10_for_student/Lab10/lab10/lab10.runs/impl_1/walk_methodology_drc_routed.rpt.
report_methodology completed successfully
report_drc: Time (s): cpu = 00:00:04 ; elapsed = 00:00:05 . Memory (MB): peak = 2634.605 ; gain = 0.000
INFO: [Vivado 12-24828] Executing command : report_timing_summary -max_paths 10 -file walk_timing_summary_routed.rpt -pb walk_timing_summary_routed.pb -rpx walk_timing_summary_routed.rpx -warn_on_violation 
INFO: [Timing 38-35] Done setting XDC timing constraints.
INFO: [Timing 38-91] UpdateTimingParams: Speed grade: -1L, Delay Type: min_max.
INFO: [Timing 38-191] Multithreading enabled for timing update using a maximum of 2 CPUs
INFO: [Vivado 12-24838] Running report commands "report_incremental_reuse, report_route_status" in parallel.
Running report generation with 2 threads.
INFO: [Vivado 12-24828] Executing command : report_incremental_reuse -file walk_incremental_reuse_routed.rpt
INFO: [Vivado_Tcl 4-1062] Incremental flow is disabled. No incremental reuse Info to report.
INFO: [Vivado 12-24828] Executing command : report_route_status -file walk_route_status.rpt -pb walk_route_status.pb
INFO: [Vivado 12-24828] Executing command : report_power -file walk_power_routed.rpt -pb walk_power_summary_routed.pb -rpx walk_power_routed.rpx
Command: report_power -file walk_power_routed.rpt -pb walk_power_summary_routed.pb -rpx walk_power_routed.rpx
Running Vector-less Activity Propagation...

Finished Running Vector-less Activity Propagation
108 Infos, 0 Warnings, 0 Critical Warnings and 0 Errors encountered.
report_power completed successfully
INFO: [Vivado 12-24828] Executing command : report_clock_utilization -file walk_clock_utilization_routed.rpt
WARNING: [Device 21-9320] Failed to find the Oracle tile group with name 'HSR_BOUNDARY_TOP'. This is required for Clock regions and Virtual grid.
WARNING: [Device 21-2174] Failed to initialize Virtual grid.
INFO: [Vivado 12-24828] Executing command : report_bus_skew -warn_on_violation -file walk_bus_skew_routed.rpt -pb walk_bus_skew_routed.pb -rpx walk_bus_skew_routed.rpx
INFO: [Timing 38-91] UpdateTimingParams: Speed grade: -1L, Delay Type: min_max.
INFO: [Timing 38-191] Multithreading enabled for timing update using a maximum of 2 CPUs
generate_parallel_reports: Time (s): cpu = 00:00:08 ; elapsed = 00:00:11 . Memory (MB): peak = 2634.605 ; gain = 0.000
INFO: [Timing 38-480] Writing timing data to binary archive.
Write ShapeDB Complete: Time (s): cpu = 00:00:01 ; elapsed = 00:00:00.041 . Memory (MB): peak = 2634.605 ; gain = 0.000
Wrote PlaceDB: Time (s): cpu = 00:00:01 ; elapsed = 00:00:00.629 . Memory (MB): peak = 2634.605 ; gain = 0.000
Wrote PulsedLatchDB: Time (s): cpu = 00:00:00 ; elapsed = 00:00:00 . Memory (MB): peak = 2634.605 ; gain = 0.000
Writing XDEF routing.
Writing XDEF routing logical nets.
Writing XDEF routing special nets.
Wrote RouteStorage: Time (s): cpu = 00:00:00 ; elapsed = 00:00:00.093 . Memory (MB): peak = 2634.605 ; gain = 0.000
Wrote Netlist Cache: Time (s): cpu = 00:00:00 ; elapsed = 00:00:00.009 . Memory (MB): peak = 2634.605 ; gain = 0.000
Wrote Device Cache: Time (s): cpu = 00:00:00 ; elapsed = 00:00:00.006 . Memory (MB): peak = 2634.605 ; gain = 0.000
Write Physdb Complete: Time (s): cpu = 00:00:01 ; elapsed = 00:00:00.742 . Memory (MB): peak = 2634.605 ; gain = 0.000
INFO: [Common 17-1381] The checkpoint 'D:/NYCU/113-1/DCD Lab/Final Project/lab10_for_student/Lab10/lab10/lab10.runs/impl_1/walk_routed.dcp' has been generated.
Command: write_bitstream -force walk.bit
Attempting to get a license for feature 'Implementation' and/or device 'xc7a35ti'
INFO: [Common 17-349] Got license for feature 'Implementation' and/or device 'xc7a35ti'
Running DRC as a precondition to command write_bitstream
INFO: [IP_Flow 19-1839] IP Catalog is up to date.
INFO: [DRC 23-27] Running DRC with 2 threads
WARNING: [DRC PDRC-153] Gated clock check: Net score_cal/obstacle_x is a gated clock net sourced by a combinational pin score_cal/food2_x_reg[1]_i_2/O, cell score_cal/food2_x_reg[1]_i_2. This is not good design practice and will likely impact performance. For SLICE registers, for example, use the CE pin to control the loading of data.
WARNING: [DRC PDRC-153] Gated clock check: Net score_cal/obstacle_x_reg[5][2]_i_2_n_0 is a gated clock net sourced by a combinational pin score_cal/obstacle_x_reg[5][2]_i_2/O, cell score_cal/obstacle_x_reg[5][2]_i_2. This is not good design practice and will likely impact performance. For SLICE registers, for example, use the CE pin to control the loading of data.
INFO: [Vivado 12-3199] DRC finished with 0 Errors, 2 Warnings
INFO: [Vivado 12-3200] Please refer to the DRC report (report_drc) for more information.
INFO: [Designutils 20-2272] Running write_bitstream with 2 threads.
Loading data files...
Loading site data...
Loading route data...
Processing options...
Creating bitmap...
Creating bitstream...
Writing bitstream ./walk.bit...
INFO: [Vivado 12-1842] Bitgen Completed Successfully.
INFO: [Project 1-1876] WebTalk data collection is mandatory when using a ULT device. To see the specific WebTalk data collected for your design, open the usage_statistics_webtalk.html or usage_statistics_webtalk.xml file in the implementation directory.
INFO: [Common 17-83] Releasing license: Implementation
123 Infos, 4 Warnings, 0 Critical Warnings and 0 Errors encountered.
write_bitstream completed successfully
write_bitstream: Time (s): cpu = 00:00:07 ; elapsed = 00:00:11 . Memory (MB): peak = 2884.910 ; gain = 250.305
INFO: [Common 17-206] Exiting Vivado at Fri Dec 13 13:18:16 2024...
