#-----------------------------------------------------------
# Vivado v2024.1 (64-bit)
# SW Build 5076996 on Wed May 22 18:37:14 MDT 2024
# IP Build 5075265 on Wed May 22 21:45:21 MDT 2024
# SharedData Build 5076995 on Wed May 22 18:29:18 MDT 2024
# Start of session at: Fri Dec 13 13:16:04 2024
# Process ID: 30536
# Current directory: D:/NYCU/113-1/DCD Lab/Final Project/lab10_for_student/Lab10/lab10/lab10.runs/impl_1
# Command line: vivado.exe -log walk.vdi -applog -product Vivado -messageDb vivado.pb -mode batch -source walk.tcl -notrace
# Log file: D:/NYCU/113-1/DCD Lab/Final Project/lab10_for_student/Lab10/lab10/lab10.runs/impl_1/walk.vdi
# Journal file: D:/NYCU/113-1/DCD Lab/Final Project/lab10_for_student/Lab10/lab10/lab10.runs/impl_1\vivado.jou
# Running On        :MSI
# Platform          :Windows Server 2016 or Windows 10
# Operating System  :22631
# Processor Detail  :Intel(R) Core(TM) Ultra 7 155H
# CPU Frequency     :2995 MHz
# CPU Physical cores:16
# CPU Logical cores :22
# Host memory       :34038 MB
# Swap memory       :5100 MB
# Total Virtual     :39139 MB
# Available Virtual :17696 MB
#-----------------------------------------------------------
source walk.tcl -notrace
